                                                                                                    dxqe: 29547: Stale snapshot for com.google.android.gms.device_performance#com.google.android.youtube(new configuration available)
                                                                                                    	at dxsc.d(:com.google.android.gms@261533016@26.15.33 (100700-900762463):389)
                                                                                                    	at dxsc.b(:com.google.android.gms@261533016@26.15.33 (100700-900762463):44)
                                                                                                    	at dxsb.i(:com.google.android.gms@261533016@26.15.33 (100700-900762463):3)
                                                                                                    	at dxrx.h(:com.google.android.gms@261533016@26.15.33 (100700-900762463):32)
                                                                                                    	at dxrx.f(:com.google.android.gms@261533016@26.15.33 (100700-900762463):14)
                                                                                                    	at ctec.fG(:com.google.android.gms@261533016@26.15.33 (100700-900762463):1)
                                                                                                    	at cten.run(:com.google.android.gms@261533016@26.15.33 (100700-900762463):115)
                                                                                                    	at ftre.run(:com.google.android.gms@261533016@26.15.33 (100700-900762463):23)
                                                                                                    	at bhks.c(:com.google.android.gms@261533016@26.15.33 (100700-900762463):50)
                                                                                                    	at bhks.run(:com.google.android.gms@261533016@26.15.33 (100700-900762463):66)
                                                                                                    	at java.util.concurrent.ThreadPoolExecutor.runWorker(ThreadPoolExecutor.java:1167)
                                                                                                    	at java.util.concurrent.ThreadPoolExecutor$Worker.run(ThreadPoolExecutor.java:641)
                                                                                                    	at bhqk.run(:com.google.android.gms@261533016@26.15.33 (100700-900762463):8)
                                                                                                    	at java.lang.Thread.run(Thread.java:919)
2026-05-01 12:53:56.360  2572-6223  AsyncOperation          com.google.android.gms.persistent    W  operation=CommitToConfigurationOperationCall, opStatusCode=29547 [CONTEXT service_id=51 ]
                                                                                                    OperationException[Status{statusCode=Stale snapshot for com.google.android.gms.device_performance#com.google.android.youtube(new configuration available), resolution=null}]
                                                                                                    	at dxrx.h(:com.google.android.gms@261533016@26.15.33 (100700-900762463):62)
                                                                                                    	at dxrx.f(:com.google.android.gms@261533016@26.15.33 (100700-900762463):14)
                                                                                                    	at ctec.fG(:com.google.android.gms@261533016@26.15.33 (100700-900762463):1)
                                                                                                    	at cten.run(:com.google.android.gms@261533016@26.15.33 (100700-900762463):115)
                                                                                                    	at ftre.run(:com.google.android.gms@261533016@26.15.33 (100700-900762463):23)
                                                                                                    	at bhks.c(:com.google.android.gms@261533016@26.15.33 (100700-900762463):50)
                                                                                                    	at bhks.run(:com.google.android.gms@261533016@26.15.33 (100700-900762463):66)
                                                                                                    	at java.util.concurrent.ThreadPoolExecutor.runWorker(ThreadPoolExecutor.java:1167)
                                                                                                    	at java.util.concurrent.ThreadPoolExecutor$Worker.run(ThreadPoolExecutor.java:641)
                                                                                                    	at bhqk.run(:com.google.android.gms@261533016@26.15.33 (100700-900762463):8)
                                                                                                    	at java.lang.Thread.run(Thread.java:919)
2026-05-01 12:54:02.095  6040-6040  BoundBrokerSvc          com.google.android.gms               D  onUnbind: Intent { act=com.google.android.gms.measurement.START pkg=com.google.android.gms }
2026-05-01 12:54:05.265  6040-6040  BoundBrokerSvc          com.google.android.gms               D  onUnbind: Intent { act=com.google.android.gms.potokens.service.START dat=chimera-action: cmp=com.google.android.gms/.chimera.GmsApiService }
2026-05-01 12:54:06.754  2572-2572  BoundBrokerSvc          com.google.android.gms.persistent    D  onUnbind: Intent { act=com.google.android.gms.auth.aang.events.services.START dat=chimera-action: cmp=com.google.android.gms/.chimera.PersistentApiService }
2026-05-01 12:54:08.538  2014-2026  system_server           system_server                        I  Background concurrent copying GC freed 66969(5122KB) AllocSpace objects, 69(1380KB) LOS objects, 29% free, 14MB/20MB, paused 1.319ms total 106.109ms
2026-05-01 12:54:13.074  1915-1915  wifi_forwarder          wifi_forwarder                       E  RemoteConnection failed to initialize: RemoteConnection failed to open pipe
2026-05-01 12:54:14.391  1913-1913  netmgr                  netmgr                               E  Failed to open QEMU pipe 'qemud:network': Invalid argument
2026-05-01 12:54:21.366  2014-2040  memtrack                system_server                        E  Couldn't load memtrack module
2026-05-01 12:54:21.366  2014-2040  android.os.Debug        system_server                        W  failed to get memory consumption info: -1
2026-05-01 12:54:37.682  2572-7994  AlarmManager            com.google.android.gms.persistent    I  setExactAndAllowWhileIdle [name: GCM_HB_ALARM type: 2 triggerAtMillis: 4114347]
2026-05-01 12:54:37.687  2572-7994  AlarmManager            com.google.android.gms.persistent    I  setExactAndAllowWhileIdle [name: GCM_HB_ALARM type: 2 triggerAtMillis: 4114352]
2026-05-01 12:54:37.728  1743-1743  Zygote                  pid-1743                             D  Forked child process 8094
2026-05-01 12:54:37.731  8094-8094  .android.video          com.google.android.videos            W  Unexpected CPU variant for X86 using defaults: x86
2026-05-01 12:54:37.733  2014-2042  ActivityManager         system_server                        I  Start proc 8094:com.google.android.videos/u0a133 for service {com.google.android.videos/com.google.android.apps.play.movies.common.service.drm.RefreshLicenseTaskService}
2026-05-01 12:54:37.741  8094-8094  .android.video          com.google.android.videos            E  Not starting debugger since process cannot load the jdwp agent.
2026-05-01 12:54:37.780  8094-8094  ApplicationLoaders      com.google.android.videos            D  Returning zygote-cached class loader: /system/framework/android.hidl.base-V1.0-java.jar
2026-05-01 12:54:37.780  8094-8094  ApplicationLoaders      com.google.android.videos            D  Returning zygote-cached class loader: /system/framework/android.hidl.manager-V1.0-java.jar
2026-05-01 12:54:37.780  8094-8094  ApplicationLoaders      com.google.android.videos            D  Returning zygote-cached class loader: /system/framework/android.hidl.base-V1.0-java.jar
2026-05-01 12:54:37.780  8094-8094  .android.video          com.google.android.videos            I  The ClassLoaderContext is a special shared library.
2026-05-01 12:54:37.794  8094-8094  .android.video          com.google.android.videos            I  The ClassLoaderContext is a special shared library.
2026-05-01 12:54:38.165  8094-8094  MediaRouter             com.google.android.videos            V  Selecting route: RouteInfo{ name=Phone, description=null, status=null, category=RouteCategory{ name=System types=ROUTE_TYPE_LIVE_AUDIO ROUTE_TYPE_LIVE_VIDEO  groupable=false }, supportedTypes=ROUTE_TYPE_LIVE_AUDIO ROUTE_TYPE_LIVE_VIDEO , presentationDisplay=null }
2026-05-01 12:54:38.175  8094-8094  MediaSessionCompat      com.google.android.videos            W  Couldn't find a unique registered media button receiver in the given context.
2026-05-01 12:54:38.225  1743-1743  Zygote                  pid-1743                             D  Forked child process 8132
2026-05-01 12:54:38.229  8132-8132  e.process.gapp          com.google.process.gapps             W  Unexpected CPU variant for X86 using defaults: x86
2026-05-01 12:54:38.232  2014-2042  ActivityManager         system_server                        I  Start proc 8132:com.google.process.gapps/u0a112 for content provider {com.google.android.gsf/com.google.android.gsf.settings.GoogleSettingsProvider}
2026-05-01 12:54:38.235  8132-8132  e.process.gapp          com.google.process.gapps             E  Not starting debugger since process cannot load the jdwp agent.
2026-05-01 12:54:38.256  8132-8132  e.process.gapp          com.google.process.gapps             I  The ClassLoaderContext is a special shared library.
2026-05-01 12:54:38.261  8132-8132  e.process.gapp          com.google.process.gapps             I  The ClassLoaderContext is a special shared library.
2026-05-01 12:54:38.303  8132-8132  GoogleHttpClient        com.google.process.gapps             I  GMS http client unavailable, use old client
2026-05-01 12:54:38.328  8094-8094  PrimesInit              com.google.android.videos            W  Primes instant initialization
2026-05-01 12:54:38.330  8094-8153  Primes                  com.google.android.videos            W  background initialization
2026-05-01 12:54:38.334  8094-8094  PlayMovies              com.google.android.videos            W  VideosInitializer.initializeApp:31 Installer Package: null
2026-05-01 12:54:38.343  8094-8153  PrimesTesting           com.google.android.videos            I  GserviceFlagsSupplier.get()
2026-05-01 12:54:38.347  2572-8093  NetworkScheduler.Stats  com.google.android.gms.persistent    I  (REDACTED) Task %s/%s started execution. cause:%s exec_start_elapsed_seconds: %s
2026-05-01 12:54:38.350  8094-8094  MediaRouter             com.google.android.videos            V  Selecting route: RouteInfo{ name=Phone, description=null, status=null, category=RouteCategory{ name=System types=ROUTE_TYPE_LIVE_AUDIO ROUTE_TYPE_LIVE_VIDEO  groupable=false }, supportedTypes=ROUTE_TYPE_LIVE_AUDIO ROUTE_TYPE_LIVE_VIDEO , presentationDisplay=null }
2026-05-01 12:54:38.358  2014-2119  WifiService             system_server                        I  acquireWifiLock uid=10133 lockMode=3
2026-05-01 12:54:38.376  2963-3000  Finsky                  com.android.vending                  I  [132] Received content filters request from com.google.android.videos
2026-05-01 12:54:38.416  2572-2572  BoundBrokerSvc          com.google.android.gms.persistent    D  onRebind: Intent { act=com.google.android.gms.auth.aang.events.services.START dat=chimera-action: cmp=com.google.android.gms/.chimera.PersistentApiService }
2026-05-01 12:54:38.422  2014-2119  WifiService             system_server                        I  releaseWifiLock uid=10133
2026-05-01 12:54:38.425  2014-2125  SupplicantStaIfaceHal   system_server                        E  ISupplicantStaIface.setPowerSave failed: {.code = FAILURE_UNKNOWN, .debugMessage = }
2026-05-01 12:54:38.440  2572-2585  .gms.persisten          com.google.android.gms.persistent    I  Background young concurrent copying GC freed 97660(4451KB) AllocSpace objects, 7(268KB) LOS objects, 32% free, 10MB/14MB, paused 7.679ms total 57.260ms
2026-05-01 12:54:38.449  2014-6038  ActivityManager         system_server                        I  Killing 4906:com.android.vending:instant_app_installer/u0a107 (adj 965): empty for 2465s
2026-05-01 12:54:38.449  2014-6038  ActivityManager         system_server                        I  Killing 5075:com.google.android.projection.gearhead:shared/u0a113 (adj 975): empty for 3354s
2026-05-01 12:54:38.487  2572-2572  BoundBrokerSvc          com.google.android.gms.persistent    D  onUnbind: Intent { act=com.google.android.gms.instantapps.START pkg=com.google.android.gms }
2026-05-01 12:54:38.506  1743-1743  Zygote                  pid-1743                             I  Process 4906 exited due to signal 9 (Killed)
2026-05-01 12:54:38.516  2014-2043  libprocessgroup         system_server                        I  Successfully killed process cgroup uid 10107 pid 4906 in 44ms
2026-05-01 12:54:38.524  8094-8161  VideoCapabilities       com.google.android.videos            I  Unsupported profile 4 for video/mp4v-es
2026-05-01 12:54:38.557  1743-1743  Zygote                  pid-1743                             I  Process 5075 exited due to signal 9 (Killed)
2026-05-01 12:54:38.565  2014-2043  libprocessgroup         system_server                        I  Successfully killed process cgroup uid 10113 pid 5075 in 48ms
2026-05-01 12:54:38.698  2572-2572  BoundBrokerSvc          com.google.android.gms.persistent    D  onRebind: Intent { act=com.google.android.gms.libs.gmscorelogger.service.START dat=chimera-action: cmp=com.google.android.gms/.chimera.PersistentDirectBootAwareApiService }
2026-05-01 12:54:42.807  8094-8113  .android.video          com.google.android.videos            I  Waiting for a blocking GC ProfileSaver
2026-05-01 12:54:42.819  8094-8113  .android.video          com.google.android.videos            I  WaitForGcToComplete blocked ProfileSaver on ClassLinker for 12.286ms
2026-05-01 12:54:43.490  2014-2040  memtrack                system_server                        E  Couldn't load memtrack module
2026-05-01 12:54:43.490  2014-2040  android.os.Debug        system_server                        W  failed to get memory consumption info: -1
2026-05-01 12:54:53.706  2572-2572  BoundBrokerSvc          com.google.android.gms.persistent    D  onUnbind: Intent { act=com.google.android.gms.libs.gmscorelogger.service.START dat=chimera-action: cmp=com.google.android.gms/.chimera.PersistentDirectBootAwareApiService }
2026-05-01 12:55:13.086  1915-1915  wifi_forwarder          wifi_forwarder                       E  RemoteConnection failed to initialize: RemoteConnection failed to open pipe
2026-05-01 12:55:14.453  1913-1913  netmgr                  netmgr                               E  Failed to open QEMU pipe 'qemud:network': Invalid argument
2026-05-01 12:55:30.679  2014-2040  memtrack                system_server                        E  Couldn't load memtrack module
2026-05-01 12:55:30.679  2014-2040  android.os.Debug        system_server                        W  failed to get memory consumption info: -1
2026-05-01 12:55:30.685  2014-2040  memtrack                system_server                        E  Couldn't load memtrack module
2026-05-01 12:55:30.685  2014-2040  android.os.Debug        system_server                        W  failed to get memory consumption info: -1
2026-05-01 12:55:30.688  2014-2040  memtrack                system_server                        E  Couldn't load memtrack module
2026-05-01 12:55:30.688  2014-2040  android.os.Debug        system_server                        W  failed to get memory consumption info: -1
2026-05-01 12:55:30.691  2014-2040  memtrack                system_server                        E  Couldn't load memtrack module
2026-05-01 12:55:30.692  2014-2040  android.os.Debug        system_server                        W  failed to get memory consumption info: -1
2026-05-01 12:55:31.226  2014-5098  AppOps                  system_server                        W  Noting op not finished: uid 10112 pkg com.google.android.gms code 79 time=1777635932572 duration=-1777629327932
2026-05-01 12:55:31.231  2014-3064  AppOps                  system_server                        W  Noting op not finished: uid 10112 pkg com.google.android.gms code 79 time=1777636531226 duration=0
2026-05-01 12:55:31.237  2014-3064  AppOps                  system_server                        W  Noting op not finished: uid 10112 pkg com.google.android.gms code 79 time=1777636531231 duration=0
2026-05-01 12:55:31.240  2572-3316  ActivityScheduler       com.google.android.gms.persistent    I  nextTriggerTime: 4406005, in 598100ms, detectorType: 39, FULL_TYPE alarmWindowMillis: 200000
2026-05-01 12:55:34.646  2014-2476  WificondControl         system_server                        D  Scan result ready event
2026-05-01 12:55:34.652  2572-2589  NullBinder              com.google.android.gms.persistent    I  NullBinder for android.net.action.RECOMMEND_NETWORKS triggering remote TransactionTooLargeException due to Service without Chimera impl, calling uid: 1000, calling pid: 0
2026-05-01 12:55:37.740  2963-3321  PlayCommon              com.android.vending                  I  [165] Preparing logs for uploading
2026-05-01 12:55:37.742  2963-3321  PlayCommon              com.android.vending                  I  [165] Connecting to server: https://play.googleapis.com/play/log?format=raw&proto_v2=true
2026-05-01 12:55:38.008  2963-3321  PlayCommon              com.android.vending                  I  [165] Successfully uploaded logs.
2026-05-01 12:55:55.194  2014-2151  ClipboardService        system_server                        E  Denying clipboard access to com.minicore.cartio.debug, application is not in focus neither is a system service for user 0
2026-05-01 12:56:13.147  1915-1915  wifi_forwarder          wifi_forwarder                       E  RemoteConnection failed to initialize: RemoteConnection failed to open pipe
2026-05-01 12:56:14.515  1913-1913  netmgr                  netmgr                               E  Failed to open QEMU pipe 'qemud:network': Invalid argument
2026-05-01 12:57:13.208  1915-1915  wifi_forwarder          wifi_forwarder                       E  RemoteConnection failed to initialize: RemoteConnection failed to open pipe
2026-05-01 12:57:14.576  1913-1913  netmgr                  netmgr                               E  Failed to open QEMU pipe 'qemud:network': Invalid argument
2026-05-01 12:58:13.269  1915-1915  wifi_forwarder          wifi_forwarder                       E  RemoteConnection failed to initialize: RemoteConnection failed to open pipe
2026-05-01 12:58:14.626  2014-3064  WificondControl         system_server                        D  Scan result ready event
2026-05-01 12:58:14.632  2572-3372  NullBinder              com.google.android.gms.persistent    I  NullBinder for android.net.action.RECOMMEND_NETWORKS triggering remote TransactionTooLargeException due to Service without Chimera impl, calling uid: 1000, calling pid: 0
2026-05-01 12:58:14.636  1913-1913  netmgr                  netmgr                               E  Failed to open QEMU pipe 'qemud:network': Invalid argument
2026-05-01 12:58:50.398  1799-1979  adbd                    adbd                                 I  host-11: read failed: I/O error
2026-05-01 12:58:50.399  1799-1979  adbd                    adbd                                 I  host-11: connection terminated: read failed
2026-05-01 12:58:50.399  1799-1799  adbd                    adbd                                 I  host-11: offline
2026-05-01 12:58:50.400  1799-1799  adbd                    adbd                                 I  ADB disconnect
2026-05-01 12:58:50.401  1799-1799  adbd                    adbd                                 I  destroying transport host-11
2026-05-01 12:58:50.401  1799-1799  adbd                    adbd                                 I  BlockingConnectionAdapter(host-11): stopping
2026-05-01 12:58:50.402  2014-2659  AdbDebuggingManager     system_server                        D  Received disconnected message: QAAAADMqPIEFH23jsOWxI0T5L23FrACNu7hL1ZWY86KdeK99kJGON/msvZyOE/7oKKAgmhdNIUp+n2aDaKAiN/R2obZ6HqL05z9AZjgKfoDCtX9Ix7lXvOrrA8aQx/NmiD7NHUQ1/qRuXg2XvvWZdV7/oY/TEIharagbJslb0xKPkpvDalYFRhL4kQsTIlq+k4JYwI6Ap2RObvCJybNY1R4cKKfp0v9Iemj44ARYASt8QuXJlPI+RoBimdmf4eVXO7Wc1821ElUDdRa8uKfLpfLSl9X28nQk9U+9jV5XNZ//Sw++HIr2A8pjywqMBuZaon725mVQkBnHhGo4HCWAwmpifhLiroqw347XKOeYDizN0EuY/oi43YzXx2Vis9/bu/el8CmQVED96MWaEfQrD93QQ4eWMvOmiSPrPYegHFqwT3KwPFzme14Dbn/g3XyQh51pqWLtUg85X5PULsNjOUzfOKR15fw1XIl3dJBOXGRJ6hpO1MhETnZSmafzunZYHZNmqeliUn/qHoCjNMC6V7+69lEy0r18Y4Wj+bJ9cW7/4NtAUMmjmnV1kGz+hsl5AmOVIvsfoolRm23Zfu7v+G7AXv9ydkfkwS98aB/N1c0JufHjRrTf14YQnfdTDE7VmUpyIZlg2rFsxCyXlhVHtR/Kgt4CofiD/MtdDLYK4arREjHv0qw2fwEAAQA= marco@MARCOAOTEIXEIRA
2026-05-01 12:58:50.403  2014-2032  AdbDebuggingManager     system_server                        D  Logging key QAAAADMqPIEFH23jsOWxI0T5L23FrACNu7hL1ZWY86KdeK99kJGON/msvZyOE/7oKKAgmhdNIUp+n2aDaKAiN/R2obZ6HqL05z9AZjgKfoDCtX9Ix7lXvOrrA8aQx/NmiD7NHUQ1/qRuXg2XvvWZdV7/oY/TEIharagbJslb0xKPkpvDalYFRhL4kQsTIlq+k4JYwI6Ap2RObvCJybNY1R4cKKfp0v9Iemj44ARYASt8QuXJlPI+RoBimdmf4eVXO7Wc1821ElUDdRa8uKfLpfLSl9X28nQk9U+9jV5XNZ//Sw++HIr2A8pjywqMBuZaon725mVQkBnHhGo4HCWAwmpifhLiroqw347XKOeYDizN0EuY/oi43YzXx2Vis9/bu/el8CmQVED96MWaEfQrD93QQ4eWMvOmiSPrPYegHFqwT3KwPFzme14Dbn/g3XyQh51pqWLtUg85X5PULsNjOUzfOKR15fw1XIl3dJBOXGRJ6hpO1MhETnZSmafzunZYHZNmqeliUn/qHoCjNMC6V7+69lEy0r18Y4Wj+bJ9cW7/4NtAUMmjmnV1kGz+hsl5AmOVIvsfoolRm23Zfu7v+G7AXv9ydkfkwS98aB/N1c0JufHjRrTf14YQnfdTDE7VmUpyIZlg2rFsxCyXlhVHtR/Kgt4CofiD/MtdDLYK4arREjHv0qw2fwEAAQA= marco@MARCOAOTEIXEIRA, state = 7, alwaysAllow = true, lastConnectionTime = 1777636730403, authWindow = 604800000
2026-05-01 12:58:50.405  1799-1799  adbd                    adbd                                 I  BlockingConnectionAdapter(host-11): stopped
2026-05-01 12:58:50.410  1799-1799  adbd                    adbd                                 I  BlockingConnectionAdapter(host-11): destructing
2026-05-01 12:58:50.411  1799-1799  adbd                    adbd                                 I  BlockingConnectionAdapter(host-11): already stopped
2026-05-01 12:58:54.185  2014-2040  memtrack                system_server                        E  Couldn't load memtrack module
2026-05-01 12:58:54.185  2014-2040  android.os.Debug        system_server                        W  failed to get memory consumption info: -1
2026-05-01 12:58:54.187  2014-2040  memtrack                system_server                        E  Couldn't load memtrack module
2026-05-01 12:58:54.187  2014-2040  android.os.Debug        system_server                        W  failed to get memory consumption info: -1
2026-05-01 12:58:54.189  2014-2040  memtrack                system_server                        E  Couldn't load memtrack module
2026-05-01 12:58:54.189  2014-2040  android.os.Debug        system_server                        W  failed to get memory consumption info: -1
2026-05-01 12:58:54.190  2014-2040  memtrack                system_server                        E  Couldn't load memtrack module
2026-05-01 12:58:54.190  2014-2040  android.os.Debug        system_server                        W  failed to get memory consumption info: -1
2026-05-01 12:58:54.194  2014-2040  memtrack                system_server                        E  Couldn't load memtrack module
2026-05-01 12:58:54.194  2014-2040  android.os.Debug        system_server                        W  failed to get memory consumption info: -1
2026-05-01 12:58:54.967  1799-8271  adbd                    adbd                                 I  host-15: write thread spawning
2026-05-01 12:58:54.967  1799-8270  adbd                    adbd                                 I  host-15: read thread spawning
2026-05-01 12:58:54.976  1799-1799  adbd                    adbd                                 I  host-15: already offline
2026-05-01 12:58:54.976  1799-1799  adbd                    adbd                                 I  Calling send_auth_request...
2026-05-01 12:58:54.985  1799-1799  adbd                    adbd                                 I  Loading keys from /data/misc/adb/adb_keys
2026-05-01 12:58:54.991  1799-1799  adbd                    adbd                                 I  adb client authorized
2026-05-01 12:58:54.991  2014-2659  AdbDebuggingManager     system_server                        D  Received connected key message: QAAAADMqPIEFH23jsOWxI0T5L23FrACNu7hL1ZWY86KdeK99kJGON/msvZyOE/7oKKAgmhdNIUp+n2aDaKAiN/R2obZ6HqL05z9AZjgKfoDCtX9Ix7lXvOrrA8aQx/NmiD7NHUQ1/qRuXg2XvvWZdV7/oY/TEIharagbJslb0xKPkpvDalYFRhL4kQsTIlq+k4JYwI6Ap2RObvCJybNY1R4cKKfp0v9Iemj44ARYASt8QuXJlPI+RoBimdmf4eVXO7Wc1821ElUDdRa8uKfLpfLSl9X28nQk9U+9jV5XNZ//Sw++HIr2A8pjywqMBuZaon725mVQkBnHhGo4HCWAwmpifhLiroqw347XKOeYDizN0EuY/oi43YzXx2Vis9/bu/el8CmQVED96MWaEfQrD93QQ4eWMvOmiSPrPYegHFqwT3KwPFzme14Dbn/g3XyQh51pqWLtUg85X5PULsNjOUzfOKR15fw1XIl3dJBOXGRJ6hpO1MhETnZSmafzunZYHZNmqeliUn/qHoCjNMC6V7+69lEy0r18Y4Wj+bJ9cW7/4NtAUMmjmnV1kGz+hsl5AmOVIvsfoolRm23Zfu7v+G7AXv9ydkfkwS98aB/N1c0JufHjRrTf14YQnfdTDE7VmUpyIZlg2rFsxCyXlhVHtR/Kgt4CofiD/MtdDLYK4arREjHv0qw2fwEAAQA= marco@MARCOAOTEIXEIRA
2026-05-01 12:58:54.992  2014-2032  AdbDebuggingManager     system_server                        D  Logging key QAAAADMqPIEFH23jsOWxI0T5L23FrACNu7hL1ZWY86KdeK99kJGON/msvZyOE/7oKKAgmhdNIUp+n2aDaKAiN/R2obZ6HqL05z9AZjgKfoDCtX9Ix7lXvOrrA8aQx/NmiD7NHUQ1/qRuXg2XvvWZdV7/oY/TEIharagbJslb0xKPkpvDalYFRhL4kQsTIlq+k4JYwI6Ap2RObvCJybNY1R4cKKfp0v9Iemj44ARYASt8QuXJlPI+RoBimdmf4eVXO7Wc1821ElUDdRa8uKfLpfLSl9X28nQk9U+9jV5XNZ//Sw++HIr2A8pjywqMBuZaon725mVQkBnHhGo4HCWAwmpifhLiroqw347XKOeYDizN0EuY/oi43YzXx2Vis9/bu/el8CmQVED96MWaEfQrD93QQ4eWMvOmiSPrPYegHFqwT3KwPFzme14Dbn/g3XyQh51pqWLtUg85X5PULsNjOUzfOKR15fw1XIl3dJBOXGRJ6hpO1MhETnZSmafzunZYHZNmqeliUn/qHoCjNMC6V7+69lEy0r18Y4Wj+bJ9cW7/4NtAUMmjmnV1kGz+hsl5AmOVIvsfoolRm23Zfu7v+G7AXv9ydkfkwS98aB/N1c0JufHjRrTf14YQnfdTDE7VmUpyIZlg2rFsxCyXlhVHtR/Kgt4CofiD/MtdDLYK4arREjHv0qw2fwEAAQA= marco@MARCOAOTEIXEIRA, state = 4, alwaysAllow = true, lastConnectionTime = 1777636734991, authWindow = 604800000
2026-05-01 12:59:05.869  2014-2476  ActivityManager         system_server                        W  Invalid packageName: com.nameless.cartio.debug
2026-05-01 12:59:06.363  8342-8342  abb                     abb                                  I  StartCommandInProcess(7061636b61676500696e7374616c6c2d package.install- [truncated])
2026-05-01 12:59:06.710  2014-2014  Binder:2014_F           system_server                        W  type=1400 audit(0.0:20): avc: denied { getopt } for scontext=u:r:system_server:s0 tcontext=u:r:shell:s0 tclass=unix_stream_socket permissive=0
2026-05-01 12:59:06.710  2014-2014  Binder:2014_F           system_server                        W  type=1400 audit(0.0:21): avc: denied { getopt } for scontext=u:r:system_server:s0 tcontext=u:r:shell:s0 tclass=unix_stream_socket permissive=0
2026-05-01 12:59:06.710  2014-2014  Binder:2014_F           system_server                        W  type=1400 audit(0.0:22): avc: denied { getopt } for scontext=u:r:system_server:s0 tcontext=u:r:shell:s0 tclass=unix_stream_socket permissive=0
2026-05-01 12:59:06.710  1799-1799  adbd                    adbd                                 W  type=1400 audit(0.0:23): avc: denied { shutdown } for scontext=u:r:adbd:s0 tcontext=u:r:shell:s0 tclass=unix_stream_socket permissive=0
2026-05-01 12:59:06.727  8342-8342  abb                     abb                                  I  StartCommandInProcess(7061636b61676500696e7374616c6c2d package.install- [truncated])
2026-05-01 12:59:08.570  2014-2014  Binder:2014_F           system_server                        W  type=1400 audit(0.0:24): avc: denied { getopt } for scontext=u:r:system_server:s0 tcontext=u:r:shell:s0 tclass=unix_stream_socket permissive=0
2026-05-01 12:59:08.570  2014-2014  Binder:2014_F           system_server                        W  type=1400 audit(0.0:25): avc: denied { getopt } for scontext=u:r:system_server:s0 tcontext=u:r:shell:s0 tclass=unix_stream_socket permissive=0
2026-05-01 12:59:08.570  2014-2014  chatty                  system_server                        I  uid=1000 system_server identical 1 line
2026-05-01 12:59:08.570  2014-2014  Binder:2014_F           system_server                        W  type=1400 audit(0.0:27): avc: denied { getopt } for scontext=u:r:system_server:s0 tcontext=u:r:shell:s0 tclass=unix_stream_socket permissive=0
2026-05-01 12:59:08.580  1799-1799  adbd                    adbd                                 W  type=1400 audit(0.0:28): avc: denied { shutdown } for scontext=u:r:adbd:s0 tcontext=u:r:shell:s0 tclass=unix_stream_socket permissive=0
2026-05-01 12:59:08.589  8342-8342  abb                     abb                                  I  StartCommandInProcess(7061636b61676500696e7374616c6c2d package.install- [truncated])
2026-05-01 12:59:08.994  2014-2054  PackageParser           system_server                        W  Unknown element under <manifest>: queries at /data/app/vmdl1124786194.tmp/base.apk Binary XML file line #17
2026-05-01 12:59:09.005  2014-2054  PackageManager          system_server                        I  Update package com.minicore.cartio.debug code path from /data/app/com.minicore.cartio.debug-fq9t7igQaLMQoXK_i5_AAg== to /data/app/com.minicore.cartio.debug-owQ77UOYm_e07zTEMgAs0Q==; Retain data and using new
2026-05-01 12:59:09.006  2014-2054  PackageManager          system_server                        I  Update package com.minicore.cartio.debug resource path from /data/app/com.minicore.cartio.debug-fq9t7igQaLMQoXK_i5_AAg== to /data/app/com.minicore.cartio.debug-owQ77UOYm_e07zTEMgAs0Q==; Retain data and using new
2026-05-01 12:59:09.057  2014-2054  PackageManager          system_server                        I  Un-granting permission android.permission.MANAGE_DOCUMENTS from package com.google.android.youtube (protectionLevel=262146 flags=0x20dbbec5)
2026-05-01 12:59:09.058  2014-2054  PackageManager          system_server                        I  Un-granting permission android.permission.INTERACT_ACROSS_PROFILES from package com.google.android.googlequicksearchbox (protectionLevel=18 flags=0x20d83ec5)
2026-05-01 12:59:09.058  2014-2054  PackageManager          system_server                        I  Un-granting permission android.permission.MANAGE_SOUND_TRIGGER from package com.google.android.googlequicksearchbox (protectionLevel=18 flags=0x20d83ec5)
2026-05-01 12:59:09.058  2014-2054  PackageManager          system_server                        I  Un-granting permission android.permission.CAPTURE_AUDIO_OUTPUT from package com.google.android.googlequicksearchbox (protectionLevel=18 flags=0x20d83ec5)
2026-05-01 12:59:09.058  2014-2054  PackageManager          system_server                        I  Un-granting permission android.permission.MANAGE_USB from package com.google.android.googlequicksearchbox (protectionLevel=18 flags=0x20d83ec5)
2026-05-01 12:59:09.058  2014-2054  PackageManager          system_server                        I  Un-granting permission android.permission.CONTROL_INCALL_EXPERIENCE from package com.google.android.googlequicksearchbox (protectionLevel=18 flags=0x20d83ec5)
2026-05-01 12:59:09.058  2014-2054  PackageManager          system_server                        I  Un-granting permission android.permission.WRITE_APN_SETTINGS from package com.google.android.googlequicksearchbox (protectionLevel=18 flags=0x20d83ec5)
2026-05-01 12:59:09.058  2014-2054  PackageManager          system_server                        I  Un-granting permission android.permission.SUBSTITUTE_SHARE_TARGET_APP_NAME_AND_ICON from package com.google.android.googlequicksearchbox (protectionLevel=18 flags=0x20d83ec5)
2026-05-01 12:59:09.058  2014-2054  PackageManager          system_server                        I  Un-granting permission android.permission.CAPTURE_MEDIA_OUTPUT from package com.google.android.googlequicksearchbox (protectionLevel=18 flags=0x20d83ec5)
2026-05-01 12:59:09.058  2014-2054  PackageManager          system_server                        I  Un-granting permission android.permission.MODIFY_AUDIO_ROUTING from package com.google.android.googlequicksearchbox (protectionLevel=18 flags=0x20d83ec5)
2026-05-01 12:59:09.058  2014-2054  PackageManager          system_server                        I  Un-granting permission com.google.android.googleapps.permission.GOOGLE_AUTH from package com.android.providers.calendar (protectionLevel=2 flags=0x30883e45)
2026-05-01 12:59:09.058  2014-2054  PackageManager          system_server                        I  Un-granting permission com.google.android.googleapps.permission.GOOGLE_AUTH.cl from package com.android.providers.calendar (protectionLevel=2 flags=0x30883e45)
2026-05-01 12:59:09.058  2014-2054  PackageManager          system_server                        I  Un-granting permission android.permission.WRITE_SECURE_SETTINGS from package com.google.android.apps.enterprise.dmagent (protectionLevel=50 flags=0x30083e05)
2026-05-01 12:59:09.058  2014-2054  PackageManager          system_server                        I  Un-granting permission android.permission.CONNECTIVITY_INTERNAL from package com.google.android.apps.enterprise.dmagent (protectionLevel=18 flags=0x30083e05)
2026-05-01 12:59:09.058  2014-2054  PackageManager          system_server                        I  Un-granting permission android.permission.MANAGE_USB from package com.google.android.apps.enterprise.dmagent (protectionLevel=18 flags=0x30083e05)
2026-05-01 12:59:09.058  2014-2054  PackageManager          system_server                        I  Un-granting permission android.permission.CHANGE_COMPONENT_ENABLED_STATE from package com.google.android.apps.enterprise.dmagent (protectionLevel=18 flags=0x30083e05)
2026-05-01 12:59:09.058  2014-2054  PackageManager          system_server                        I  Un-granting permission android.permission.MANAGE_CA_CERTIFICATES from package com.google.android.apps.enterprise.dmagent (protectionLevel=18 flags=0x30083e05)
2026-05-01 12:59:09.058  2014-2054  PackageManager          system_server                        I  Un-granting permission android.permission.MANAGE_USERS from package com.google.android.apps.enterprise.dmagent (protectionLevel=18 flags=0x30083e05)
2026-05-01 12:59:09.058  2014-2054  PackageManager          system_server                        I  Un-granting permission com.google.android.setupwizard.READ_DEVICE_ORIGIN from package com.google.android.apps.messaging (protectionLevel=18 flags=0x38cbbe45)
2026-05-01 12:59:09.058  2014-2054  PackageManager          system_server                        I  Un-granting permission android.permission.SYSTEM_ALERT_WINDOW from package com.google.ar.core (protectionLevel=1250 flags=0xa848be44)
2026-05-01 12:59:09.058  2014-2054  PackageManager          system_server                        I  Un-granting permission android.permission.HIDE_NON_SYSTEM_OVERLAY_WINDOWS from package com.android.vending (protectionLevel=258 flags=0x28cabec5)
2026-05-01 12:59:09.059  2014-2054  PackageManager          system_server                        I  Un-granting permission android.permission.SEND_DOWNLOAD_COMPLETED_INTENTS from package com.android.vending (protectionLevel=2 flags=0x28cabec5)
2026-05-01 12:59:09.059  2014-2054  PackageManager          system_server                        I  Un-granting permission android.permission.BIND_WALLPAPER from package com.android.camera2 (protectionLevel=18 flags=0x20d8bc45)
2026-05-01 12:59:09.060  2014-2054  PackageManager          system_server                        I  Un-granting permission android.permission.REQUEST_INSTALL_PACKAGES from package com.google.android.gm (protectionLevel=66 flags=0x38cbbe45)
2026-05-01 12:59:09.060  2014-2054  PackageManager          system_server                        I  Un-granting permission android.permission.BIND_JOB_SERVICE from package com.google.android.music (protectionLevel=2 flags=0x38cbbe65)
2026-05-01 12:59:09.061  2014-2054  PackageManager          system_server                        I  Un-granting permission android.permission.CONNECTIVITY_USE_RESTRICTED_NETWORKS from package com.google.android.captiveportallogin (protectionLevel=18 flags=0x38c8be45)
2026-05-01 12:59:09.061  2014-2054  PackageManager          system_server                        I  Un-granting permission android.permission.NETWORK_BYPASS_PRIVATE_DNS from package com.google.android.captiveportallogin (protectionLevel=2 flags=0x38c8be45)
2026-05-01 12:59:09.061  2014-2054  PackageManager          system_server                        I  Un-granting permission android.permission.REQUEST_INSTALL_PACKAGES from package com.google.android.apps.docs (protectionLevel=66 flags=0x38cbbe45)
2026-05-01 12:59:09.061  2014-2054  PackageManager          system_server                        I  Un-granting permission android.permission.INTERACT_ACROSS_USERS from package com.google.android.syncadapters.contacts (protectionLevel=50 flags=0x20883e45)
2026-05-01 12:59:09.061  2014-2054  PackageManager          system_server                        I  Un-granting permission android.permission.REQUEST_INSTALL_PACKAGES from package com.android.chrome (protectionLevel=66 flags=0xa0cbbe45)
2026-05-01 12:59:09.061  2014-2054  PackageManager          system_server                        I  Un-granting permission android.permission.WRITE_EMBEDDED_SUBSCRIPTIONS from package com.google.android.gms (protectionLevel=50 flags=0xa0cabec5)
2026-05-01 12:59:09.061  2014-2054  PackageManager          system_server                        I  Un-granting permission android.permission.CAPTURE_VIDEO_OUTPUT from package com.google.android.gms (protectionLevel=2 flags=0xa0cabec5)
2026-05-01 12:59:09.061  2014-2054  PackageManager          system_server                        I  Un-granting permission android.permission.FORCE_STOP_PACKAGES from package com.google.android.gms (protectionLevel=18 flags=0xa0cabec5)
2026-05-01 12:59:09.061  2014-2054  PackageManager          system_server                        I  Un-granting permission android.permission.OBSERVE_ROLE_HOLDERS from package com.google.android.gms (protectionLevel=258 flags=0xa0cabec5)
2026-05-01 12:59:09.062  2014-2054  PackageManager          system_server                        I  Un-granting permission android.permission.MODIFY_DEFAULT_AUDIO_EFFECTS from package com.google.android.gms (protectionLevel=18 flags=0xa0cabec5)
2026-05-01 12:59:09.062  2014-2054  PackageManager          system_server                        I  Un-granting permission android.permission.MANAGE_DEVICE_ADMINS from package com.google.android.gms (protectionLevel=2 flags=0xa0cabec5)
2026-05-01 12:59:09.062  2014-2054  PackageManager          system_server                        I  Un-granting permission android.permission.MANAGE_ACTIVITY_STACKS from package com.google.android.gms (protectionLevel=2 flags=0xa0cabec5)
2026-05-01 12:59:09.062  2014-2054  PackageManager          system_server                        I  Un-granting permission android.permission.CAPTURE_SECURE_VIDEO_OUTPUT from package com.google.android.gms (protectionLevel=2 flags=0xa0cabec5)
2026-05-01 12:59:09.062  2014-2054  PackageManager          system_server                        I  Un-granting permission android.permission.PACKET_KEEPALIVE_OFFLOAD from package com.google.android.gms (protectionLevel=18 flags=0xa0cabec5)
2026-05-01 12:59:09.062  2014-2054  PackageManager          system_server                        I  Un-granting permission android.permission.MANAGE_ROLLBACKS from package com.google.android.gms (protectionLevel=514 flags=0xa0cabec5)
2026-05-01 12:59:09.062  2014-2054  PackageManager          system_server                        I  Un-granting permission android.permission.MEDIA_CONTENT_CONTROL from package com.google.android.gms (protectionLevel=18 flags=0xa0cabec5)
2026-05-01 12:59:09.062  2014-2054  PackageManager          system_server                        I  Un-granting permission android.permission.HIDE_NON_SYSTEM_OVERLAY_WINDOWS from package com.google.android.gms (protectionLevel=258 flags=0xa0cabec5)
2026-05-01 12:59:09.062  2014-2054  PackageManager          system_server                        I  Un-granting permission com.google.android.googleapps.permission.GOOGLE_AUTH from package com.google.android.videos (protectionLevel=2 flags=0x30dbbe45)
2026-05-01 12:59:09.062  2014-2054  PackageManager          system_server                        I  Un-granting permission android.permission.WRITE_MEDIA_STORAGE from package com.google.android.apps.photos (protectionLevel=18 flags=0x38d9be45)
2026-05-01 12:59:09.118  2014-2054  PackageManager          system_server                        W  Cannot whitelist unknown permission: android.permission.ACCESS_ADSERVICES_AD_ID
2026-05-01 12:59:09.118  2014-2054  PackageManager          system_server                        W  Cannot whitelist unknown permission: android.permission.ACCESS_ADSERVICES_ATTRIBUTION
2026-05-01 12:59:09.118  2014-2054  PackageManager          system_server                        W  Cannot whitelist unknown permission: android.permission.ACCESS_ADSERVICES_TOPICS
2026-05-01 12:59:09.177  2963-2963  Finsky                  com.android.vending                  I  [2] ajcn - Received: android.intent.action.PACKAGE_REMOVED, [8QW327nE-WTwv6JUjifJa2cAGCDxrorIYPgXHqJrka4]
2026-05-01 12:59:09.200  2014-2041  BroadcastQueue          system_server                        W  Background execution not allowed: receiving Intent { act=android.intent.action.PACKAGE_REMOVED dat=package:com.minicore.cartio.debug flg=0x4000010 (has extras) } to com.android.musicfx/.Compatibility$Receiver
2026-05-01 12:59:09.201  2014-2041  BroadcastQueue          system_server                        W  Background execution not allowed: receiving Intent { act=android.intent.action.PACKAGE_REMOVED dat=package:com.minicore.cartio.debug flg=0x4000010 (has extras) } to com.android.vending/com.google.android.finsky.packagemonitor.impl.PackageMonitorReceiverImpl$RegisteredReceiver
2026-05-01 12:59:09.201  2014-2041  BroadcastQueue          system_server                        W  Background execution not allowed: receiving Intent { act=android.intent.action.PACKAGE_REMOVED dat=package:com.minicore.cartio.debug flg=0x4000010 (has extras) } to com.android.vending/com.google.android.finsky.packagemonitor.backgroundimpl.BackgroundPackageMonitorReceiverImpl$RegisteredReceiver
2026-05-01 12:59:09.201  2014-2041  BroadcastQueue          system_server                        W  Background execution not allowed: receiving Intent { act=android.intent.action.PACKAGE_REMOVED dat=package:com.minicore.cartio.debug flg=0x4000010 (has extras) } to com.google.android.gms/.chimera.GmsIntentOperationService$PersistentTrustedReceiver
2026-05-01 12:59:09.202  2014-2041  BroadcastQueue          system_server                        W  Background execution not allowed: receiving Intent { act=android.intent.action.PACKAGE_ADDED dat=package:com.minicore.cartio.debug flg=0x4000010 (has extras) } to com.google.android.packageinstaller/com.android.packageinstaller.PackageInstalledReceiver
2026-05-01 12:59:09.249  2014-2041  BroadcastQueue          system_server                        W  Background execution not allowed: receiving Intent { act=android.intent.action.PACKAGE_ADDED dat=package:com.minicore.cartio.debug flg=0x4000010 (has extras) } to com.android.musicfx/.Compatibility$Receiver
2026-05-01 12:59:09.250  2014-2041  BroadcastQueue          system_server                        W  Background execution not allowed: receiving Intent { act=android.intent.action.PACKAGE_ADDED dat=package:com.minicore.cartio.debug flg=0x4000010 (has extras) } to com.android.vending/com.google.android.finsky.packagemonitor.impl.PackageMonitorReceiverImpl$RegisteredReceiver
2026-05-01 12:59:09.272  2014-2041  BroadcastQueue          system_server                        W  Background execution not allowed: receiving Intent { act=android.intent.action.PACKAGE_ADDED dat=package:com.minicore.cartio.debug flg=0x4000010 (has extras) } to com.android.vending/com.google.android.finsky.packagemonitor.backgroundimpl.BackgroundPackageMonitorReceiverImpl$RegisteredReceiver
2026-05-01 12:59:09.276  2430-3274  ActivityThread          com...le.android.apps.nexuslauncher  E  Failed to find provider info for com.google.android.apps.wellbeing.api
2026-05-01 12:59:09.285  1743-1743  Zygote                  pid-1743                             D  Forked child process 8359
2026-05-01 12:59:09.314  2014-2042  ActivityManager         system_server                        W  Slow operation: 84ms so far, now at startProcess: returned from zygote!
2026-05-01 12:59:09.322  4309-4326  ProcessService          com.google.android.webview           W  Reducing the number of considered missed Gc histogram windows from 379 to 100
2026-05-01 12:59:09.333  2014-2041  BroadcastQueue          system_server                        W  Background execution not allowed: receiving Intent { act=android.intent.action.PACKAGE_ADDED dat=package:com.minicore.cartio.debug flg=0x4000010 (has extras) } to com.google.android.gms/.gass.chimera.PackageChangeBroadcastReceiver
2026-05-01 12:59:09.333  2014-2041  BroadcastQueue          system_server                        W  Background execution not allowed: receiving Intent { act=android.intent.action.PACKAGE_ADDED dat=package:com.minicore.cartio.debug flg=0x4000010 (has extras) } to com.google.android.gms/.chimera.GmsIntentOperationService$PersistentTrustedReceiver
2026-05-01 12:59:09.334  2014-2041  BroadcastQueue          system_server                        W  Background execution not allowed: receiving Intent { act=android.intent.action.PACKAGE_ADDED dat=package:com.minicore.cartio.debug flg=0x4000010 (has extras) } to com.google.android.ims/.receivers.RcsAutoStartReceiver
2026-05-01 12:59:09.341  2014-2042  ActivityManager         system_server                        W  Slow operation: 111ms so far, now at startProcess: done updating battery stats
2026-05-01 12:59:09.342  2014-2042  ActivityManager         system_server                        W  Slow operation: 112ms so far, now at startProcess: building log message
2026-05-01 12:59:09.342  2014-2042  ActivityManager         system_server                        I  Start proc 8359:com.android.keychain/1000 for service {com.android.keychain/com.android.keychain.KeyChainService}
2026-05-01 12:59:09.342  2014-2042  ActivityManager         system_server                        W  Slow operation: 112ms so far, now at startProcess: starting to update pids map
2026-05-01 12:59:09.354  8359-8359  ndroid.keychai          com.android.keychain                 W  Unexpected CPU variant for X86 using defaults: x86
2026-05-01 12:59:09.362  2014-2042  ActivityManager         system_server                        W  Slow operation: 132ms so far, now at startProcess: done updating pids map
2026-05-01 12:59:09.407  8359-8359  ndroid.keychai          com.android.keychain                 E  Not starting debugger since process cannot load the jdwp agent.
2026-05-01 12:59:09.454  2014-2115  InputReader             system_server                        I  Reconfiguring input devices.  changes=0x00000010
2026-05-01 12:59:09.467  2014-2115  InputReader             system_server                        I  Reconfiguring input devices.  changes=0x00000010
2026-05-01 12:59:09.537  8359-8359  ndroid.keychai          com.android.keychain                 I  The ClassLoaderContext is a special shared library.
2026-05-01 12:59:09.545  2315-2315  CarrierSvcBindHelper    com.android.phone                    D  No carrier app for: 0
2026-05-01 12:59:09.553  2963-2963  Finsky                  com.android.vending                  I  [2] AIM: AppInfoCacheUpdater -> invalidating apps: [com.minicore.cartio.debug]
2026-05-01 12:59:09.559  2315-2315  CarrierSvcBindHelper    com.android.phone                    D  No carrier app for: 0
2026-05-01 12:59:09.564  2963-2963  Finsky                  com.android.vending                  I  [2] AIM: AppInfoManager-Perf > getApps > called for 1 apps
2026-05-01 12:59:09.642  2963-3221  Finsky                  com.android.vending                  I  [148] AIM: AppInfoManager-Perf > OnDeviceAppInfo > cacheHitCount=0, cacheMissCount=1. Missed  in cache (limit 10) : [com.minicore.cartio.debug]
2026-05-01 12:59:09.651  2315-2315  CarrierConfigLoader     com.android.phone                    D  mHandler: 9 phoneId: 0
2026-05-01 12:59:09.684  1815-1852  <no-tag>                installd                             E  Couldn't opendir /data/app/vmdl1124786194.tmp: No such file or directory
2026-05-01 12:59:09.686  1815-1852  installd                installd                             E  Failed to delete /data/app/vmdl1124786194.tmp: No such file or directory
2026-05-01 12:59:09.694  2315-2341  m.android.phon          com.android.phone                    I  Background young concurrent copying GC freed 21229(1773KB) AllocSpace objects, 0(0B) LOS objects, 46% free, 1828KB/3406KB, paused 4.773ms total 163.340ms
2026-05-01 12:59:09.713  2963-3242  Finsky                  com.android.vending                  I  [153] AIM: AppInfoManager-Perf > OnDeviceAppInfo > cacheHitCount=1, cacheMissCount=0. Missed  in cache (limit 10) : []
2026-05-01 12:59:09.716  2963-3239  Finsky                  com.android.vending                  I  [150] AIM: Got app ownership map. App counts: . Unique apps: 0
