2026-05-01 12:22:23.962  2805-3047  dkpg                    com....android.googlequicksearchbox  I  (REDACTED) Probing voice interaction service recovery for condition(%s).
2026-05-01 12:22:23.964  2805-3047  dkpg                    com....android.googlequicksearchbox  I  (REDACTED) Skipping voice interaction service recovery(%s) for condition(%s).
2026-05-01 12:22:23.965  2805-3047  dkpg                    com....android.googlequicksearchbox  I  (REDACTED) Skipping voice interaction service recovery(%s) for condition(%s).
2026-05-01 12:22:27.460  2963-3383  PhenotypeProcessReaper  com.android.vending                  I  Memory state is: 125
2026-05-01 12:22:34.092  2572-2572  BoundBrokerSvc          com.google.android.gms.persistent    D  onUnbind: Intent { act=com.google.android.gms.libs.gmscorelogger.service.START dat=chimera-action: cmp=com.google.android.gms/.chimera.PersistentDirectBootAwareApiService }
2026-05-01 12:22:49.054  6040-6040  BoundBrokerSvc          com.google.android.gms               D  onRebind: Intent { act=com.google.android.gms.semanticlocationhistory.service.START dat=chimera-action: cmp=com.google.android.gms/.chimera.GmsApiService }
2026-05-01 12:22:49.064  2572-2572  BoundBrokerSvc          com.google.android.gms.persistent    D  onRebind: Intent { act=com.google.android.gms.auth.aang.events.services.START dat=chimera-action: cmp=com.google.android.gms/.chimera.PersistentApiService }
2026-05-01 12:22:49.101  6040-6040  BoundBrokerSvc          com.google.android.gms               D  onBind: Intent { act=com.google.android.gms.semanticlocationhistory.settings.SettingsSyncOneOffService.ACTION_TASK_READY dat=chimera-action: cmp=com.google.android.gms/.chimera.GmsInternalBoundBrokerService }
2026-05-01 12:22:49.101  6040-6040  BoundBrokerSvc          com.google.android.gms               D  Loading bound service for intent: Intent { act=com.google.android.gms.semanticlocationhistory.settings.SettingsSyncOneOffService.ACTION_TASK_READY dat=chimera-action: cmp=com.google.android.gms/.chimera.GmsInternalBoundBrokerService }
2026-05-01 12:22:49.111  2572-7184  NetworkScheduler.Stats  com.google.android.gms.persistent    I  (REDACTED) Task %s/%s started execution. cause:%s exec_start_elapsed_seconds: %s
2026-05-01 12:22:49.183  2572-3669  GLSUser                 com.google.android.gms.persistent    W  [DeviceKeyStore] Cannot load key: Device key file not found.
2026-05-01 12:22:49.283  3820-3835  id.gms.unstabl          com.google.android.gms.unstable      W  Reducing the number of considered missed Gc histogram windows from 178 to 100
2026-05-01 12:22:49.316  1742-7186  ResolverController      netd                                 E  No valid NAT64 prefix (101, <unspecified>/0)
2026-05-01 12:22:49.338  2572-2572  BoundBrokerSvc          com.google.android.gms.persistent    D  onRebind: Intent { act=com.google.android.gms.common.telemetry.service.START dat=chimera-action: cmp=com.google.android.gms/.chimera.PersistentApiService }
2026-05-01 12:22:49.358  2572-3669  GmsUrlRequestImpl       com.google.android.gms.persistent    W  [https://android.googleapis.com/auth/devicekey] Content-Type header is overwritten.
2026-05-01 12:22:49.625  2572-3669  GLSUser                 com.google.android.gms.persistent    W  [AppCertManager] Exception while requesting key: 
                                                                                                    java.util.concurrent.ExecutionException: cuez: Parsing Exception
                                                                                                    	at gcdr.j(:com.google.android.gms@261533016@26.15.33 (100700-900762463):21)
                                                                                                    	at gcea.t(:com.google.android.gms@261533016@26.15.33 (100700-900762463):73)
                                                                                                    	at akkq.b(:com.google.android.gms@261533016@26.15.33 (100700-900762463):435)
                                                                                                    	at akko.a(:com.google.android.gms@261533016@26.15.33 (100700-900762463):67)
                                                                                                    	at akko.fo(:com.google.android.gms@261533016@26.15.33 (100700-900762463):16)
                                                                                                    	at yjg.onTransact(:com.google.android.gms@261533016@26.15.33 (100700-900762463):102)
                                                                                                    	at android.os.Binder.transact(Binder.java:914)
                                                                                                    	at ckhz.onTransact(:com.google.android.gms@261533016@26.15.33 (100700-900762463):12)
                                                                                                    	at android.os.Binder.transact(Binder.java:914)
                                                                                                    	at byhm.onTransact(:com.google.android.gms@261533016@26.15.33 (100700-900762463):169)
                                                                                                    	at android.os.Binder.execTransactInternal(Binder.java:1021)
                                                                                                    	at android.os.Binder.execTransact(Binder.java:994)
                                                                                                    Caused by: cuez: Parsing Exception
                                                                                                    	at cugd.a(:com.google.android.gms@261533016@26.15.33 (100700-900762463):15)
                                                                                                    	at gcgl.run(:com.google.android.gms@261533016@26.15.33 (100700-900762463):56)
                                                                                                    	at bhks.c(:com.google.android.gms@261533016@26.15.33 (100700-900762463):50)
                                                                                                    	at bhks.run(:com.google.android.gms@261533016@26.15.33 (100700-900762463):66)
                                                                                                    	at java.util.concurrent.ThreadPoolExecutor.runWorker(ThreadPoolExecutor.java:1167)
                                                                                                    	at java.util.concurrent.ThreadPoolExecutor$Worker.run(ThreadPoolExecutor.java:641)
                                                                                                    	at bhqk.run(:com.google.android.gms@261533016@26.15.33 (100700-900762463):8)
                                                                                                    	at java.lang.Thread.run(Thread.java:919)
                                                                                                    Caused by: gwir: Protocol message end-group tag did not match expected tag.
                                                                                                    	at gwks.a(:com.google.android.gms@261533016@26.15.33 (100700-900762463):57)
                                                                                                    	at gwjp.l(:com.google.android.gms@261533016@26.15.33 (100700-900762463):424)
                                                                                                    	at gwhr.q(:com.google.android.gms@261533016@26.15.33 (100700-900762463):26)
                                                                                                    	at gwfq.e(:com.google.android.gms@261533016@26.15.33 (100700-900762463):7)
                                                                                                    	at gwfq.b(:com.google.android.gms@261533016@26.15.33 (100700-900762463):1)
                                                                                                    	at gwfq.m(:com.google.android.gms@261533016@26.15.33 (100700-900762463):1)
                                                                                                    	at cugc.a(:com.google.android.gms@261533016@26.15.33 (100700-900762463):15)
                                                                                                    	at cugh.call(:com.google.android.gms@261533016@26.15.33 (100700-900762463):8)
                                                                                                    	at java.util.concurrent.FutureTask.run(FutureTask.java:266)
                                                                                                    	at bhks.c(:com.google.android.gms@261533016@26.15.33 (100700-900762463):50) 
                                                                                                    	at bhks.run(:com.google.android.gms@261533016@26.15.33 (100700-900762463):66) 
                                                                                                    	at java.util.concurrent.ThreadPoolExecutor.runWorker(ThreadPoolExecutor.java:1167) 
                                                                                                    	at java.util.concurrent.ThreadPoolExecutor$Worker.run(ThreadPoolExecutor.java:641) 
                                                                                                    	at bhqk.run(:com.google.android.gms@261533016@26.15.33 (100700-900762463):8) 
                                                                                                    	at java.lang.Thread.run(Thread.java:919) 
2026-05-01 12:22:49.628  2572-3669  GLSUser                 com.google.android.gms.persistent    W  [DeviceKeyStore] Cannot load key: Device key file not found.
2026-05-01 12:22:49.810  6040-6082  ProviderHelper          com.google.android.gms               W  Unknown dynamite feature providerinstaller.dynamite
2026-05-01 12:22:49.810  6040-6082  DynamiteModule          com.google.android.gms               I  Considering local module com.google.android.gms.providerinstaller.dynamite:1 and remote module com.google.android.gms.providerinstaller.dynamite:0
2026-05-01 12:22:49.810  6040-6082  DynamiteModule          com.google.android.gms               I  Selected local version of com.google.android.gms.providerinstaller.dynamite
2026-05-01 12:22:49.815  6040-6082  Conscrypt               com.google.android.gms               W  Could not set socket write timeout: java.net.SocketException: Socket closed
2026-05-01 12:22:49.815  6040-6082  Conscrypt               com.google.android.gms               W  	at com.google.android.gms.org.conscrypt.Platform.setSocketWriteTimeout(:com.google.android.gms@261533016@26.15.33 (100700-900762463):219)
2026-05-01 12:22:49.815  6040-6082  Conscrypt               com.google.android.gms               W  	at com.google.android.gms.org.conscrypt.ConscryptFileDescriptorSocket.setSoWriteTimeout(:com.google.android.gms@261533016@26.15.33 (100700-900762463):4)
2026-05-01 12:22:49.894  6040-6082  Conscrypt               com.google.android.gms               W  Could not set socket write timeout: java.net.SocketException: Socket closed
2026-05-01 12:22:49.894  6040-6082  Conscrypt               com.google.android.gms               W  	at com.google.android.gms.org.conscrypt.Platform.setSocketWriteTimeout(:com.google.android.gms@261533016@26.15.33 (100700-900762463):219)
2026-05-01 12:22:49.894  6040-6082  Conscrypt               com.google.android.gms               W  	at com.google.android.gms.org.conscrypt.ConscryptFileDescriptorSocket.setSoWriteTimeout(:com.google.android.gms@261533016@26.15.33 (100700-900762463):4)
2026-05-01 12:22:50.036  2572-2572  BoundBrokerSvc          com.google.android.gms.persistent    D  onRebind: Intent { act=com.google.android.gms.libs.gmscorelogger.service.START dat=chimera-action: cmp=com.google.android.gms/.chimera.PersistentDirectBootAwareApiService }
2026-05-01 12:22:50.151  6040-6082  feep                    com.google.android.gms               W  Primes not initialized, returning default (no-op) Primes instance which will ignore all calls. Please call Primes.initialize(...) before using any Primes API.
2026-05-01 12:22:50.186  6040-6082  LocationHistory         com.google.android.gms               I  [SettingsSyncOneOffTask] Synced ODLH settings for all accounts. [CONTEXT service_id=314 ]
2026-05-01 12:22:50.189  2572-7144  NetworkScheduler.Stats  com.google.android.gms.persistent    I  (REDACTED) Task %s/%s finished executing. cause:%s result: %s elapsed_millis: %s uptime_millis: %s exec_start_elapsed_seconds: %s
2026-05-01 12:22:50.192  6040-6040  BoundBrokerSvc          com.google.android.gms               D  onUnbind: Intent { act=com.google.android.gms.semanticlocationhistory.settings.SettingsSyncOneOffService.ACTION_TASK_READY dat=chimera-action: cmp=com.google.android.gms/.chimera.GmsInternalBoundBrokerService }
2026-05-01 12:22:54.366  2572-2572  BoundBrokerSvc          com.google.android.gms.persistent    D  onUnbind: Intent { act=com.google.android.gms.common.telemetry.service.START dat=chimera-action: cmp=com.google.android.gms/.chimera.PersistentApiService }
2026-05-01 12:23:04.087  2014-3215  ActivityManager         system_server                        I  Killing 5957:com.google.android.apps.messaging:rcs/u0a134 (adj 965): empty for 1800s
2026-05-01 12:23:04.089  6040-6040  BoundBrokerSvc          com.google.android.gms               D  onUnbind: Intent { act=com.google.android.gms.semanticlocationhistory.service.START dat=chimera-action: cmp=com.google.android.gms/.chimera.GmsApiService }
2026-05-01 12:23:04.168  1743-1743  Zygote                  pid-1743                             I  Process 5957 exited due to signal 9 (Killed)
2026-05-01 12:23:04.206  2014-2043  libprocessgroup         system_server                        I  Successfully killed process cgroup uid 10134 pid 5957 in 117ms
2026-05-01 12:23:06.226  2014-2887  ActivityManager         system_server                        I  Killing 5746:com.google.android.calendar/u0a130 (adj 965): empty for 1801s
2026-05-01 12:23:06.289  1743-1743  Zygote                  pid-1743                             I  Process 5746 exited due to signal 9 (Killed)
2026-05-01 12:23:06.316  2014-2043  libprocessgroup         system_server                        I  Successfully killed process cgroup uid 10130 pid 5746 in 79ms
2026-05-01 12:23:12.358  1915-1915  wifi_forwarder          wifi_forwarder                       E  RemoteConnection failed to initialize: RemoteConnection failed to open pipe
2026-05-01 12:23:12.940  1913-1913  netmgr                  netmgr                               E  Failed to open QEMU pipe 'qemud:network': Invalid argument
2026-05-01 12:23:23.946  2963-3155  Finsky                  com.android.vending                  I  [135] Stats for Executor: LightweightExecutor vng@ba074e3[Running, pool size = 3, active threads = 0, queued tasks = 0, completed tasks = 1988]
2026-05-01 12:23:23.970  2014-3215  ActivityManager         system_server                        I  Killing 5294:com.google.android.videos/u0a133 (adj 955): empty for 1816s
2026-05-01 12:23:24.004  2963-3155  Finsky                  com.android.vending                  I  [135] Stats for Executor: BlockingExecutor vng@1811ee0[Running, pool size = 0, active threads = 0, queued tasks = 0, completed tasks = 185]
2026-05-01 12:23:24.029  1743-1743  Zygote                  pid-1743                             I  Process 5294 exited due to signal 9 (Killed)
2026-05-01 12:23:24.056  2014-2043  libprocessgroup         system_server                        I  Successfully killed process cgroup uid 10133 pid 5294 in 83ms
2026-05-01 12:23:24.148  2963-3155  Finsky                  com.android.vending                  I  [135] Stats for Executor: bgExecutor vng@ca29599[Running, pool size = 4, active threads = 0, queued tasks = 0, completed tasks = 3865]
2026-05-01 12:23:25.619  2963-3155  Finsky                  com.android.vending                  I  [135] Stats for Executor: GrpcBackgroundExecutor vng@824805e[Running, pool size = 4, active threads = 0, queued tasks = 0, completed tasks = 19]
2026-05-01 12:23:39.013  2014-6038  ActivityManager         system_server                        I  Killing 4500:com.google.android.permissioncontroller/u0a74 (adj 955): empty for 1814s
2026-05-01 12:23:39.099  1743-1743  Zygote                  pid-1743                             I  Process 4500 exited due to signal 9 (Killed)
2026-05-01 12:23:39.106  2014-2043  libprocessgroup         system_server                        I  Successfully killed process cgroup uid 10074 pid 4500 in 80ms
2026-05-01 12:24:12.374  1915-1915  wifi_forwarder          wifi_forwarder                       E  RemoteConnection failed to initialize: RemoteConnection failed to open pipe
2026-05-01 12:24:12.618  2572-7192  AlarmManager            com.google.android.gms.persistent    I  setExactAndAllowWhileIdle [name: GCM_HB_ALARM type: 2 triggerAtMillis: 2109283]
2026-05-01 12:24:12.619  2014-3215  ActivityManager         system_server                        I  Killing 3536:com.google.android.apps.messaging/u0a134 (adj 995): empty for 1802s
2026-05-01 12:24:12.622  2014-2040  memtrack                system_server                        E  Couldn't load memtrack module
2026-05-01 12:24:12.622  2014-2040  android.os.Debug        system_server                        W  failed to get memory consumption info: -1
2026-05-01 12:24:12.631  2572-7192  AlarmManager            com.google.android.gms.persistent    I  setExactAndAllowWhileIdle [name: GCM_HB_ALARM type: 2 triggerAtMillis: 2109296]
2026-05-01 12:24:12.699  1743-1743  Zygote                  pid-1743                             I  Process 3536 exited due to signal 9 (Killed)
2026-05-01 12:24:12.701  2572-2572  BoundBrokerSvc          com.google.android.gms.persistent    D  onUnbind: Intent { act=com.google.android.gms.location.places.GeoDataApi pkg=com.google.android.gms }
2026-05-01 12:24:12.706  2014-2043  libprocessgroup         system_server                        I  Successfully killed process cgroup uid 10134 pid 3536 in 85ms
2026-05-01 12:24:12.987  1913-1913  netmgr                  netmgr                               E  Failed to open QEMU pipe 'qemud:network': Invalid argument
2026-05-01 12:24:31.012  2014-2151  ClipboardService        system_server                        E  Denying clipboard access to com.minicore.cartio.debug, application is not in focus neither is a system service for user 0
2026-05-01 12:24:58.506  2014-6038  AppOps                  system_server                        W  Noting op not finished: uid 10112 pkg com.google.android.gms code 79 time=1777634013673 duration=-1777631128833
2026-05-01 12:24:58.509  2014-2678  AppOps                  system_server                        W  Noting op not finished: uid 10112 pkg com.google.android.gms code 79 time=1777634698506 duration=0
2026-05-01 12:24:58.514  2014-6038  AppOps                  system_server                        W  Noting op not finished: uid 10112 pkg com.google.android.gms code 79 time=1777634698510 duration=0
2026-05-01 12:24:58.517  2572-3316  ActivityScheduler       com.google.android.gms.persistent    I  nextTriggerTime: 2573282, in 598100ms, detectorType: 39, FULL_TYPE alarmWindowMillis: 200000
2026-05-01 12:25:01.907  2014-5384  WificondControl         system_server                        D  Scan result ready event
2026-05-01 12:25:01.912  2572-2591  NullBinder              com.google.android.gms.persistent    I  NullBinder for android.net.action.RECOMMEND_NETWORKS triggering remote TransactionTooLargeException due to Service without Chimera impl, calling uid: 1000, calling pid: 0
2026-05-01 12:25:05.530  2014-2040  memtrack                system_server                        E  Couldn't load memtrack module
2026-05-01 12:25:05.530  2014-2040  android.os.Debug        system_server                        W  failed to get memory consumption info: -1
2026-05-01 12:25:12.374  1915-1915  wifi_forwarder          wifi_forwarder                       E  RemoteConnection failed to initialize: RemoteConnection failed to open pipe
2026-05-01 12:25:13.049  1913-1913  netmgr                  netmgr                               E  Failed to open QEMU pipe 'qemud:network': Invalid argument
2026-05-01 12:25:32.070  2014-2151  ClipboardService        system_server                        E  Denying clipboard access to com.minicore.cartio.debug, application is not in focus neither is a system service for user 0
2026-05-01 12:25:37.115  2963-3321  PlayCommon              com.android.vending                  I  [165] Preparing logs for uploading
2026-05-01 12:25:37.124  2014-2040  memtrack                system_server                        E  Couldn't load memtrack module
2026-05-01 12:25:37.124  2014-2040  android.os.Debug        system_server                        W  failed to get memory consumption info: -1
2026-05-01 12:25:37.131  2014-2040  memtrack                system_server                        E  Couldn't load memtrack module
2026-05-01 12:25:37.131  2014-2040  android.os.Debug        system_server                        W  failed to get memory consumption info: -1
2026-05-01 12:25:37.144  2014-2040  memtrack                system_server                        E  Couldn't load memtrack module
2026-05-01 12:25:37.144  2014-2040  android.os.Debug        system_server                        W  failed to get memory consumption info: -1
2026-05-01 12:25:37.157  2014-2040  memtrack                system_server                        E  Couldn't load memtrack module
2026-05-01 12:25:37.157  2014-2040  android.os.Debug        system_server                        W  failed to get memory consumption info: -1
2026-05-01 12:25:37.175  2963-3321  PlayCommon              com.android.vending                  I  [165] Connecting to server: https://play.googleapis.com/play/log?format=raw&proto_v2=true
2026-05-01 12:25:37.531  2963-3321  PlayCommon              com.android.vending                  I  [165] Successfully uploaded logs.
2026-05-01 12:26:03.172  2572-7228  AlarmManager            com.google.android.gms.persistent    I  setExactAndAllowWhileIdle [name: GCM_HB_ALARM type: 2 triggerAtMillis: 2279837]
2026-05-01 12:26:03.175  2572-7228  AlarmManager            com.google.android.gms.persistent    I  setExactAndAllowWhileIdle [name: GCM_HB_ALARM type: 2 triggerAtMillis: 2279840]
2026-05-01 12:26:12.390  1915-1915  wifi_forwarder          wifi_forwarder                       E  RemoteConnection failed to initialize: RemoteConnection failed to open pipe
2026-05-01 12:26:13.077  1913-1913  netmgr                  netmgr                               E  Failed to open QEMU pipe 'qemud:network': Invalid argument
2026-05-01 12:27:12.439  1915-1915  wifi_forwarder          wifi_forwarder                       E  RemoteConnection failed to initialize: RemoteConnection failed to open pipe
2026-05-01 12:27:13.139  1913-1913  netmgr                  netmgr                               E  Failed to open QEMU pipe 'qemud:network': Invalid argument
2026-05-01 12:27:53.663  2572-7228  AlarmManager            com.google.android.gms.persistent    I  setExactAndAllowWhileIdle [name: GCM_HB_ALARM type: 2 triggerAtMillis: 2390328]
2026-05-01 12:27:53.665  2014-2040  memtrack                system_server                        E  Couldn't load memtrack module
2026-05-01 12:27:53.665  2014-2040  android.os.Debug        system_server                        W  failed to get memory consumption info: -1
2026-05-01 12:27:53.666  2572-7228  AlarmManager            com.google.android.gms.persistent    I  setExactAndAllowWhileIdle [name: GCM_HB_ALARM type: 2 triggerAtMillis: 2390331]
2026-05-01 12:27:55.191  2572-2572  BoundBrokerSvc          com.google.android.gms.persistent    D  onUnbind: Intent { act=com.google.android.gms.auth.aang.events.services.START dat=chimera-action: cmp=com.google.android.gms/.chimera.PersistentApiService }
2026-05-01 12:27:56.190  2572-2572  BoundBrokerSvc          com.google.android.gms.persistent    D  onUnbind: Intent { act=com.google.android.gms.libs.gmscorelogger.service.START dat=chimera-action: cmp=com.google.android.gms/.chimera.PersistentDirectBootAwareApiService }
2026-05-01 12:28:08.736  2014-2040  memtrack                system_server                        E  Couldn't load memtrack module
2026-05-01 12:28:08.737  2014-2040  android.os.Debug        system_server                        W  failed to get memory consumption info: -1
2026-05-01 12:28:12.490  1915-1915  wifi_forwarder          wifi_forwarder                       E  RemoteConnection failed to initialize: RemoteConnection failed to open pipe
2026-05-01 12:28:13.200  1913-1913  netmgr                  netmgr                               E  Failed to open QEMU pipe 'qemud:network': Invalid argument
2026-05-01 12:29:12.490  1915-1915  wifi_forwarder          wifi_forwarder                       E  RemoteConnection failed to initialize: RemoteConnection failed to open pipe
2026-05-01 12:29:13.261  1913-1913  netmgr                  netmgr                               E  Failed to open QEMU pipe 'qemud:network': Invalid argument
2026-05-01 12:29:34.332  2014-2040  memtrack                system_server                        E  Couldn't load memtrack module
2026-05-01 12:29:34.332  2014-2040  android.os.Debug        system_server                        W  failed to get memory consumption info: -1
2026-05-01 12:29:34.338  2014-2040  memtrack                system_server                        E  Couldn't load memtrack module
2026-05-01 12:29:34.338  2014-2040  android.os.Debug        system_server                        W  failed to get memory consumption info: -1
2026-05-01 12:29:34.342  2014-2040  memtrack                system_server                        E  Couldn't load memtrack module
2026-05-01 12:29:34.342  2014-2040  android.os.Debug        system_server                        W  failed to get memory consumption info: -1
2026-05-01 12:29:34.363  2014-2040  memtrack                system_server                        E  Couldn't load memtrack module
2026-05-01 12:29:34.363  2014-2040  android.os.Debug        system_server                        W  failed to get memory consumption info: -1
2026-05-01 12:29:34.382  2014-2040  memtrack                system_server                        E  Couldn't load memtrack module
2026-05-01 12:29:34.382  2014-2040  android.os.Debug        system_server                        W  failed to get memory consumption info: -1
2026-05-01 12:29:34.437  2572-7319  NetworkScheduler.Stats  com.google.android.gms.persistent    I  (REDACTED) Task %s/%s started execution. cause:%s exec_start_elapsed_seconds: %s
2026-05-01 12:29:34.438  2572-7319  TapAndPay               com.google.android.gms.persistent    I  deviceSupportsHce has detected emulator [CONTEXT service_id=79 ]
2026-05-01 12:29:34.467  2572-7319  NFC                     com.google.android.gms.persistent    V  this device does not have NFC support
2026-05-01 12:29:34.468  2572-7319  TapAndPay               com.google.android.gms.persistent    I  NfcAdapter is null while obtaining CardEmulation instance. [CONTEXT service_id=79 ]
2026-05-01 12:29:34.474  2572-7319  NetworkScheduler.Stats  com.google.android.gms.persistent    I  (REDACTED) Task %s/%s finished executing. cause:%s result: %s elapsed_millis: %s uptime_millis: %s exec_start_elapsed_seconds: %s
2026-05-01 12:29:35.346  2572-2572  BoundBrokerSvc          com.google.android.gms.persistent    D  onRebind: Intent { act=com.google.android.gms.libs.gmscorelogger.service.START dat=chimera-action: cmp=com.google.android.gms/.chimera.PersistentDirectBootAwareApiService }
2026-05-01 12:29:38.285  2014-5384  WificondControl         system_server                        D  Scan result ready event
2026-05-01 12:29:38.291  2572-3372  NullBinder              com.google.android.gms.persistent    I  NullBinder for android.net.action.RECOMMEND_NETWORKS triggering remote TransactionTooLargeException due to Service without Chimera impl, calling uid: 1000, calling pid: 0
2026-05-01 12:29:50.426  2572-2572  BoundBrokerSvc          com.google.android.gms.persistent    D  onUnbind: Intent { act=com.google.android.gms.libs.gmscorelogger.service.START dat=chimera-action: cmp=com.google.android.gms/.chimera.PersistentDirectBootAwareApiService }
2026-05-01 12:30:12.540  1915-1915  wifi_forwarder          wifi_forwarder                       E  RemoteConnection failed to initialize: RemoteConnection failed to open pipe
2026-05-01 12:30:13.312  1913-1913  netmgr                  netmgr                               E  Failed to open QEMU pipe 'qemud:network': Invalid argument
2026-05-01 12:26:14.736  2014-2151  chatty                  system_server                        I  uid=1000(system) Thread-4 identical 1 line
2026-05-01 12:26:46.537  2014-2151  ClipboardService        system_server                        E  Denying clipboard access to com.minicore.cartio.debug, application is not in focus neither is a system service for user 0
2026-05-01 12:30:25.461  2014-2151  ClipboardService        system_server                        E  Denying clipboard access to com.minicore.cartio.debug, application is not in focus neither is a system service for user 0
2026-05-01 12:30:44.150  2572-7228  AlarmManager            com.google.android.gms.persistent    I  setExactAndAllowWhileIdle [name: GCM_HB_ALARM type: 2 triggerAtMillis: 2560815]
2026-05-01 12:30:44.152  2572-7228  AlarmManager            com.google.android.gms.persistent    I  setExactAndAllowWhileIdle [name: GCM_HB_ALARM type: 2 triggerAtMillis: 2560817]
2026-05-01 12:31:12.596  1915-1915  wifi_forwarder          wifi_forwarder                       E  RemoteConnection failed to initialize: RemoteConnection failed to open pipe
2026-05-01 12:31:13.340  1913-1913  netmgr                  netmgr                               E  Failed to open QEMU pipe 'qemud:network': Invalid argument
2026-05-01 12:32:12.606  1915-1915  wifi_forwarder          wifi_forwarder                       E  RemoteConnection failed to initialize: RemoteConnection failed to open pipe
2026-05-01 12:32:13.402  1913-1913  netmgr                  netmgr                               E  Failed to open QEMU pipe 'qemud:network': Invalid argument
2026-05-01 12:32:27.462  2963-3383  PhenotypeProcessReaper  com.android.vending                  I  Memory state is: 125
2026-05-01 12:32:53.363  2014-2040  memtrack                system_server                        E  Couldn't load memtrack module
2026-05-01 12:32:53.363  2014-2040  android.os.Debug        system_server                        W  failed to get memory consumption info: -1
2026-05-01 12:32:53.369  2014-2040  memtrack                system_server                        E  Couldn't load memtrack module
2026-05-01 12:32:53.369  2014-2040  android.os.Debug        system_server                        W  failed to get memory consumption info: -1
2026-05-01 12:32:53.402  5188-5188  SetupWizard             com.google.android.setupwizard       I  [DeferredSetupNotificationSchedulerService] Deferred notification scheduled at Thu Apr 23 16:42:58 EDT 2026
2026-05-01 12:32:57.327  2014-6038  WificondControl         system_server                        D  Scan result ready event
2026-05-01 12:32:57.333  2572-3372  NullBinder              com.google.android.gms.persistent    I  NullBinder for android.net.action.RECOMMEND_NETWORKS triggering remote TransactionTooLargeException due to Service without Chimera impl, calling uid: 1000, calling pid: 0
2026-05-01 12:33:00.662  2014-2040  UsageStatsService       system_server                        I  User[0] Flushing usage stats to disk
2026-05-01 12:33:00.678  2014-2040  AppIdleHistory          system_server                        E  Error writing app idle file for user 0
2026-05-01 12:33:11.582  2014-2151  ClipboardService        system_server                        E  Denying clipboard access to com.minicore.cartio.debug, application is not in focus neither is a system service for user 0
2026-05-01 12:33:12.623  1915-1915  wifi_forwarder          wifi_forwarder                       E  RemoteConnection failed to initialize: RemoteConnection failed to open pipe
2026-05-01 12:33:13.429  1913-1913  netmgr                  netmgr                               E  Failed to open QEMU pipe 'qemud:network': Invalid argument
2026-05-01 12:33:23.948  2963-3155  Finsky                  com.android.vending                  I  [135] Stats for Executor: LightweightExecutor vng@ba074e3[Running, pool size = 3, active threads = 0, queued tasks = 0, completed tasks = 1988]
2026-05-01 12:33:24.005  2963-3155  Finsky                  com.android.vending                  I  [135] Stats for Executor: BlockingExecutor vng@1811ee0[Running, pool size = 0, active threads = 0, queued tasks = 0, completed tasks = 185]
2026-05-01 12:33:24.149  2963-3155  Finsky                  com.android.vending                  I  [135] Stats for Executor: bgExecutor vng@ca29599[Running, pool size = 4, active threads = 0, queued tasks = 0, completed tasks = 3865]
2026-05-01 12:33:25.621  2963-3155  Finsky                  com.android.vending                  I  [135] Stats for Executor: GrpcBackgroundExecutor vng@824805e[Running, pool size = 4, active threads = 0, queued tasks = 0, completed tasks = 19]
2026-05-01 12:33:34.634  2572-7380  AlarmManager            com.google.android.gms.persistent    I  setExactAndAllowWhileIdle [name: GCM_HB_ALARM type: 2 triggerAtMillis: 2731299]
2026-05-01 12:33:34.638  2572-7380  AlarmManager            com.google.android.gms.persistent    I  setExactAndAllowWhileIdle [name: GCM_HB_ALARM type: 2 triggerAtMillis: 2731303]
2026-05-01 12:33:49.717  2014-2040  memtrack                system_server                        E  Couldn't load memtrack module
2026-05-01 12:33:49.717  2014-2040  android.os.Debug        system_server                        W  failed to get memory consumption info: -1
2026-05-01 12:34:12.640  1915-1915  wifi_forwarder          wifi_forwarder                       E  RemoteConnection failed to initialize: RemoteConnection failed to open pipe
2026-05-01 12:34:13.490  1913-1913  netmgr                  netmgr                               E  Failed to open QEMU pipe 'qemud:network': Invalid argument
2026-05-01 12:34:43.405  2014-2151  ClipboardService        system_server                        E  Denying clipboard access to com.minicore.cartio.debug, application is not in focus neither is a system service for user 0
2026-05-01 12:35:12.641  1915-1915  wifi_forwarder          wifi_forwarder                       E  RemoteConnection failed to initialize: RemoteConnection failed to open pipe
2026-05-01 12:35:13.551  1913-1913  netmgr                  netmgr                               E  Failed to open QEMU pipe 'qemud:network': Invalid argument
2026-05-01 12:35:33.902  2014-5384  AppOps                  system_server                        W  Noting op not finished: uid 10112 pkg com.google.android.gms code 79 time=1777634698515 duration=0
2026-05-01 12:35:33.906  2014-5384  AppOps                  system_server                        W  Noting op not finished: uid 10112 pkg com.google.android.gms code 79 time=1777635333902 duration=0
2026-05-01 12:35:33.910  2014-5384  AppOps                  system_server                        W  Noting op not finished: uid 10112 pkg com.google.android.gms code 79 time=1777635333906 duration=0
2026-05-01 12:35:33.912  2572-3316  ActivityScheduler       com.google.android.gms.persistent    I  nextTriggerTime: 3208677, in 598100ms, detectorType: 39, FULL_TYPE alarmWindowMillis: 200000
2026-05-01 12:35:37.326  2014-5384  WificondControl         system_server                        D  Scan result ready event
2026-05-01 12:35:37.332  2572-3372  NullBinder              com.google.android.gms.persistent    I  NullBinder for android.net.action.RECOMMEND_NETWORKS triggering remote TransactionTooLargeException due to Service without Chimera impl, calling uid: 1000, calling pid: 0
2026-05-01 12:36:06.435  2014-2151  ClipboardService        system_server                        E  Denying clipboard access to com.minicore.cartio.debug, application is not in focus neither is a system service for user 0
2026-05-01 12:36:12.657  1915-1915  wifi_forwarder          wifi_forwarder                       E  RemoteConnection failed to initialize: RemoteConnection failed to open pipe
2026-05-01 12:36:13.613  1913-1913  netmgr                  netmgr                               E  Failed to open QEMU pipe 'qemud:network': Invalid argument
2026-05-01 12:36:25.161  2572-7445  AlarmManager            com.google.android.gms.persistent    I  setExactAndAllowWhileIdle [name: GCM_HB_ALARM type: 2 triggerAtMillis: 2961826]
2026-05-01 12:36:25.162  2014-2040  memtrack                system_server                        E  Couldn't load memtrack module
2026-05-01 12:36:25.163  2014-2040  android.os.Debug        system_server                        W  failed to get memory consumption info: -1
2026-05-01 12:36:25.167  2572-7445  AlarmManager            com.google.android.gms.persistent    I  setExactAndAllowWhileIdle [name: GCM_HB_ALARM type: 2 triggerAtMillis: 2961831]
2026-05-01 12:37:12.673  1915-1915  wifi_forwarder          wifi_forwarder                       E  RemoteConnection failed to initialize: RemoteConnection failed to open pipe
2026-05-01 12:37:13.674  1913-1913  netmgr                  netmgr                               E  Failed to open QEMU pipe 'qemud:network': Invalid argument
2026-05-01 12:38:12.674  1915-1915  wifi_forwarder          wifi_forwarder                       E  RemoteConnection failed to initialize: RemoteConnection failed to open pipe
2026-05-01 12:38:13.698  1913-1913  netmgr                  netmgr                               E  Failed to open QEMU pipe 'qemud:network': Invalid argument
2026-05-01 12:38:17.336  2014-5384  WificondControl         system_server                        D  Scan result ready event
2026-05-01 12:38:17.341  2572-5837  NullBinder              com.google.android.gms.persistent    I  NullBinder for android.net.action.RECOMMEND_NETWORKS triggering remote TransactionTooLargeException due to Service without Chimera impl, calling uid: 1000, calling pid: 0
2026-05-01 12:39:12.690  1915-1915  wifi_forwarder          wifi_forwarder                       E  RemoteConnection failed to initialize: RemoteConnection failed to open pipe
2026-05-01 12:39:13.759  1913-1913  netmgr                  netmgr                               E  Failed to open QEMU pipe 'qemud:network': Invalid argument
2026-05-01 12:39:15.650  2572-7506  AlarmManager            com.google.android.gms.persistent    I  setExactAndAllowWhileIdle [name: GCM_HB_ALARM type: 2 triggerAtMillis: 3132315]
2026-05-01 12:39:15.653  2014-2040  memtrack                system_server                        E  Couldn't load memtrack module
2026-05-01 12:39:15.653  2014-2040  android.os.Debug        system_server                        W  failed to get memory consumption info: -1
2026-05-01 12:39:15.658  2572-7506  AlarmManager            com.google.android.gms.persistent    I  setExactAndAllowWhileIdle [name: GCM_HB_ALARM type: 2 triggerAtMillis: 3132323]
2026-05-01 12:39:28.146  2014-2026  system_server           system_server                        I  Background young concurrent copying GC freed 68133(5357KB) AllocSpace objects, 2(56KB) LOS objects, 25% free, 14MB/19MB, paused 83.032ms total 112.205ms
2026-05-01 12:40:12.691  1915-1915  wifi_forwarder          wifi_forwarder                       E  RemoteConnection failed to initialize: RemoteConnection failed to open pipe
2026-05-01 12:40:13.821  1913-1913  netmgr                  netmgr                               E  Failed to open QEMU pipe 'qemud:network': Invalid argument
2026-05-01 12:40:57.326  2014-6038  WificondControl         system_server                        D  Scan result ready event
2026-05-01 12:40:57.331  2572-3393  NullBinder              com.google.android.gms.persistent    I  NullBinder for android.net.action.RECOMMEND_NETWORKS triggering remote TransactionTooLargeException due to Service without Chimera impl, calling uid: 1000, calling pid: 0
2026-05-01 12:41:12.707  1915-1915  wifi_forwarder          wifi_forwarder                       E  RemoteConnection failed to initialize: RemoteConnection failed to open pipe
2026-05-01 12:41:13.883  1913-1913  netmgr                  netmgr                               E  Failed to open QEMU pipe 'qemud:network': Invalid argument
2026-05-01 12:42:12.723  1915-1915  wifi_forwarder          wifi_forwarder                       E  RemoteConnection failed to initialize: RemoteConnection failed to open pipe
2026-05-01 12:42:13.889  1913-1913  netmgr                  netmgr                               E  Failed to open QEMU pipe 'qemud:network': Invalid argument
2026-05-01 12:42:27.464  2963-3383  PhenotypeProcessReaper  com.android.vending                  I  Memory state is: 125
2026-05-01 12:43:06.173  2572-7506  AlarmManager            com.google.android.gms.persistent    I  setExactAndAllowWhileIdle [name: GCM_HB_ALARM type: 2 triggerAtMillis: 3362838]
2026-05-01 12:43:06.175  2014-2040  memtrack                system_server                        E  Couldn't load memtrack module
2026-05-01 12:43:06.175  2014-2040  android.os.Debug        system_server                        W  failed to get memory consumption info: -1
2026-05-01 12:43:06.176  2572-7506  AlarmManager            com.google.android.gms.persistent    I  setExactAndAllowWhileIdle [name: GCM_HB_ALARM type: 2 triggerAtMillis: 3362841]
2026-05-01 12:43:06.177  2014-2040  memtrack                system_server                        E  Couldn't load memtrack module
2026-05-01 12:43:06.177  2014-2040  android.os.Debug        system_server                        W  failed to get memory consumption info: -1
2026-05-01 12:43:06.180  2014-2040  memtrack                system_server                        E  Couldn't load memtrack module
2026-05-01 12:43:06.180  2014-2040  android.os.Debug        system_server                        W  failed to get memory consumption info: -1
2026-05-01 12:43:06.186  2014-2040  memtrack                system_server                        E  Couldn't load memtrack module
2026-05-01 12:43:06.186  2014-2040  android.os.Debug        system_server                        W  failed to get memory consumption info: -1
2026-05-01 12:43:06.189  2014-2040  memtrack                system_server                        E  Couldn't load memtrack module
2026-05-01 12:43:06.189  2014-2040  android.os.Debug        system_server                        W  failed to get memory consumption info: -1
2026-05-01 12:43:06.192  2014-2040  memtrack                system_server                        E  Couldn't load memtrack module
2026-05-01 12:43:06.192  2014-2040  android.os.Debug        system_server                        W  failed to get memory consumption info: -1
2026-05-01 12:43:06.195  2014-2040  memtrack                system_server                        E  Couldn't load memtrack module
2026-05-01 12:43:06.195  2014-2040  android.os.Debug        system_server                        W  failed to get memory consumption info: -1
2026-05-01 12:43:06.198  2014-2040  memtrack                system_server                        E  Couldn't load memtrack module
2026-05-01 12:43:06.198  2014-2040  android.os.Debug        system_server                        W  failed to get memory consumption info: -1
2026-05-01 12:43:06.201  2014-2040  memtrack                system_server                        E  Couldn't load memtrack module
2026-05-01 12:43:06.201  2014-2040  android.os.Debug        system_server                        W  failed to get memory consumption info: -1
2026-05-01 12:43:06.203  2014-2040  memtrack                system_server                        E  Couldn't load memtrack module
2026-05-01 12:43:06.203  2014-2040  android.os.Debug        system_server                        W  failed to get memory consumption info: -1
2026-05-01 12:43:06.205  2014-2040  memtrack                system_server                        E  Couldn't load memtrack module
2026-05-01 12:43:06.205  2014-2040  android.os.Debug        system_server                        W  failed to get memory consumption info: -1
2026-05-01 12:43:06.208  2014-2040  memtrack                system_server                        E  Couldn't load memtrack module
2026-05-01 12:43:06.208  2014-2040  android.os.Debug        system_server                        W  failed to get memory consumption info: -1
2026-05-01 12:43:12.776  1915-1915  wifi_forwarder          wifi_forwarder                       E  RemoteConnection failed to initialize: RemoteConnection failed to open pipe
2026-05-01 12:43:13.950  1913-1913  netmgr                  netmgr                               E  Failed to open QEMU pipe 'qemud:network': Invalid argument
2026-05-01 12:43:23.949  2963-3155  Finsky                  com.android.vending                  I  [135] Stats for Executor: LightweightExecutor vng@ba074e3[Running, pool size = 3, active threads = 0, queued tasks = 0, completed tasks = 1988]
2026-05-01 12:43:24.006  2963-3155  Finsky                  com.android.vending                  I  [135] Stats for Executor: BlockingExecutor vng@1811ee0[Running, pool size = 0, active threads = 0, queued tasks = 0, completed tasks = 185]
2026-05-01 12:43:24.151  2963-3155  Finsky                  com.android.vending                  I  [135] Stats for Executor: bgExecutor vng@ca29599[Running, pool size = 4, active threads = 0, queued tasks = 0, completed tasks = 3865]
2026-05-01 12:43:25.622  2963-3155  Finsky                  com.android.vending                  I  [135] Stats for Executor: GrpcBackgroundExecutor vng@824805e[Running, pool size = 4, active threads = 0, queued tasks = 0, completed tasks = 19]
2026-05-01 12:44:12.806  1915-1915  wifi_forwarder          wifi_forwarder                       E  RemoteConnection failed to initialize: RemoteConnection failed to open pipe
2026-05-01 12:44:14.011  1913-1913  netmgr                  netmgr                               E  Failed to open QEMU pipe 'qemud:network': Invalid argument
2026-05-01 12:45:12.807  1915-1915  wifi_forwarder          wifi_forwarder                       E  RemoteConnection failed to initialize: RemoteConnection failed to open pipe
2026-05-01 12:45:14.072  1913-1913  netmgr                  netmgr                               E  Failed to open QEMU pipe 'qemud:network': Invalid argument
2026-05-01 12:45:32.016  2014-2040  memtrack                system_server                        E  Couldn't load memtrack module
2026-05-01 12:45:32.016  2014-2040  android.os.Debug        system_server                        W  failed to get memory consumption info: -1
2026-05-01 12:45:32.046  2572-7571  NetworkScheduler.Stats  com.google.android.gms.persistent    I  (REDACTED) Task %s/%s started execution. cause:%s exec_start_elapsed_seconds: %s
2026-05-01 12:45:32.065  2478-2478  FirebaseJobDispatcher   com...gle.android.inputmethod.latin  I  onStartJob(): PeriodicContextualMetrics.
2026-05-01 12:45:32.068  2478-2522  PContextMetricsRunner   com...gle.android.inputmethod.latin  I  call()
2026-05-01 12:45:32.068  2478-2522  PContextMetricsRunner   com...gle.android.inputmethod.latin  I  call() : Finished in 0 ms
2026-05-01 12:45:32.069  2478-2478  FirebaseJobDispatcher   com...gle.android.inputmethod.latin  I  Task: PeriodicContextualMetrics successes.
2026-05-01 12:45:32.075  2572-7506  NetworkScheduler.Stats  com.google.android.gms.persistent    I  (REDACTED) Task %s/%s finished executing. cause:%s result: %s elapsed_millis: %s uptime_millis: %s exec_start_elapsed_seconds: %s
2026-05-01 12:45:32.568  2014-2678  AppOps                  system_server                        W  Noting op not finished: uid 10112 pkg com.google.android.gms code 79 time=1777635333910 duration=0
2026-05-01 12:45:32.570  2014-6030  AppOps                  system_server                        W  Noting op not finished: uid 10112 pkg com.google.android.gms code 79 time=1777635932568 duration=0
2026-05-01 12:45:32.572  2014-6030  AppOps                  system_server                        W  Noting op not finished: uid 10112 pkg com.google.android.gms code 79 time=1777635932570 duration=0
2026-05-01 12:45:32.574  2572-3316  ActivityScheduler       com.google.android.gms.persistent    I  nextTriggerTime: 3807339, in 598100ms, detectorType: 39, FULL_TYPE alarmWindowMillis: 200000
2026-05-01 12:45:33.031  2572-2572  BoundBrokerSvc          com.google.android.gms.persistent    D  onRebind: Intent { act=com.google.android.gms.libs.gmscorelogger.service.START dat=chimera-action: cmp=com.google.android.gms/.chimera.PersistentDirectBootAwareApiService }
2026-05-01 12:45:35.967  2014-2678  WificondControl         system_server                        D  Scan result ready event
2026-05-01 12:45:35.972  2572-3393  NullBinder              com.google.android.gms.persistent    I  NullBinder for android.net.action.RECOMMEND_NETWORKS triggering remote TransactionTooLargeException due to Service without Chimera impl, calling uid: 1000, calling pid: 0
