--------- beginning of main
2026-05-01 12:07:06.926  2014-3469  WificondControl         system_server                        D  Scan result ready event
2026-05-01 12:07:06.932  2572-3669  NullBinder              com.google.android.gms.persistent    I  NullBinder for android.net.action.RECOMMEND_NETWORKS triggering remote TransactionTooLargeException due to Service without Chimera impl, calling uid: 1000, calling pid: 0
2026-05-01 12:07:11.974  1915-1915  wifi_forwarder          wifi_forwarder                       E  RemoteConnection failed to initialize: RemoteConnection failed to open pipe
--------- beginning of system
2026-05-01 12:07:12.179  1913-1913  netmgr                  netmgr                               E  Failed to open QEMU pipe 'qemud:network': Invalid argument
2026-05-01 12:07:46.141  2014-2151  ClipboardService        system_server                        E  Denying clipboard access to com.minicore.cartio.debug, application is not in focus neither is a system service for user 0
2026-05-01 12:08:11.989  1915-1915  wifi_forwarder          wifi_forwarder                       E  RemoteConnection failed to initialize: RemoteConnection failed to open pipe
2026-05-01 12:08:12.240  1913-1913  netmgr                  netmgr                               E  Failed to open QEMU pipe 'qemud:network': Invalid argument
2026-05-01 12:09:12.045  1915-1915  wifi_forwarder          wifi_forwarder                       E  RemoteConnection failed to initialize: RemoteConnection failed to open pipe
2026-05-01 12:09:12.254  1913-1913  netmgr                  netmgr                               E  Failed to open QEMU pipe 'qemud:network': Invalid argument
2026-05-01 12:09:44.495  2014-2151  ClipboardService        system_server                        E  Denying clipboard access to com.minicore.cartio.debug, application is not in focus neither is a system service for user 0
2026-05-01 12:09:46.916  2014-3469  WificondControl         system_server                        D  Scan result ready event
2026-05-01 12:09:46.923  2572-3669  NullBinder              com.google.android.gms.persistent    I  NullBinder for android.net.action.RECOMMEND_NETWORKS triggering remote TransactionTooLargeException due to Service without Chimera impl, calling uid: 1000, calling pid: 0
2026-05-01 12:10:02.587  2014-2040  memtrack                system_server                        E  Couldn't load memtrack module
2026-05-01 12:10:02.587  2014-2040  android.os.Debug        system_server                        W  failed to get memory consumption info: -1
2026-05-01 12:10:02.591  2014-2040  memtrack                system_server                        E  Couldn't load memtrack module
2026-05-01 12:10:02.591  2014-2040  android.os.Debug        system_server                        W  failed to get memory consumption info: -1
2026-05-01 12:10:02.594  3106-3106  ewcg                    com....android.googlequicksearchbox  I  (REDACTED) Created gRPC endpoint for service %s
2026-05-01 12:10:02.600  2014-2040  memtrack                system_server                        E  Couldn't load memtrack module
2026-05-01 12:10:02.600  2014-2040  android.os.Debug        system_server                        W  failed to get memory consumption info: -1
2026-05-01 12:10:02.603  2014-2040  memtrack                system_server                        E  Couldn't load memtrack module
2026-05-01 12:10:02.603  2014-2040  android.os.Debug        system_server                        W  failed to get memory consumption info: -1
2026-05-01 12:10:02.606  2014-2040  memtrack                system_server                        E  Couldn't load memtrack module
2026-05-01 12:10:02.606  2014-2040  android.os.Debug        system_server                        W  failed to get memory consumption info: -1
2026-05-01 12:10:02.611  2014-2040  memtrack                system_server                        E  Couldn't load memtrack module
2026-05-01 12:10:02.611  2014-2040  android.os.Debug        system_server                        W  failed to get memory consumption info: -1
2026-05-01 12:10:02.612  2014-2040  memtrack                system_server                        E  Couldn't load memtrack module
2026-05-01 12:10:02.612  2014-2040  android.os.Debug        system_server                        W  failed to get memory consumption info: -1
2026-05-01 12:10:02.647  3131-3153  ClearcutMetricXmitter   com....android.googlequicksearchbox  V  Transmission is done.
2026-05-01 12:10:12.057  1915-1915  wifi_forwarder          wifi_forwarder                       E  RemoteConnection failed to initialize: RemoteConnection failed to open pipe
2026-05-01 12:10:12.258  1913-1913  netmgr                  netmgr                               E  Failed to open QEMU pipe 'qemud:network': Invalid argument
2026-05-01 12:10:17.694  2014-2040  memtrack                system_server                        E  Couldn't load memtrack module
2026-05-01 12:10:17.694  2014-2040  android.os.Debug        system_server                        W  failed to get memory consumption info: -1
2026-05-01 12:10:36.679  2963-3321  PlayCommon              com.android.vending                  I  [165] Preparing logs for uploading
2026-05-01 12:10:36.682  2963-3321  PlayCommon              com.android.vending                  I  [165] Connecting to server: https://play.googleapis.com/play/log?format=raw&proto_v2=true
2026-05-01 12:10:37.012  2963-3321  PlayCommon              com.android.vending                  I  [165] Successfully uploaded logs.
2026-05-01 12:11:12.073  1915-1915  wifi_forwarder          wifi_forwarder                       E  RemoteConnection failed to initialize: RemoteConnection failed to open pipe
2026-05-01 12:11:12.289  1913-1913  netmgr                  netmgr                               E  Failed to open QEMU pipe 'qemud:network': Invalid argument
2026-05-01 12:11:12.691  3106-3124  earchbox:searc          com....android.googlequicksearchbox  W  Reducing the number of considered missed Gc histogram windows from 105 to 100
2026-05-01 12:11:22.737  3106-3356  elgs                    com....android.googlequicksearchbox  E  (REDACTED) Trace %s timed out after %d ms. Complete trace: %s
                                                                                                    elic: 
                                                                                                    	at tk_trace.TimedProcessReaper#scheduleReap()(Started After:0)
2026-05-01 12:11:22.738  3106-3356  elgs                    com....android.googlequicksearchbox  E  (REDACTED) Trace %s timed out after %d ms. Complete trace: %s
                                                                                                    elic: 
                                                                                                    	at tk_trace.Write TimeTriggerStore(Started After:0)
                                                                                                    	at tk_trace.Update TimeTriggerStore(Started After:0)
                                                                                                    	at tk_trace.handleBroadcast(Started After:0)
                                                                                                    	at tk_trace.Broadcast to com.google.android.libraries.assistant.contexttrigger.impl.ContextTriggerBroadcastReceiver_Receiver android.intent.action.BOOT_COMPLETED(Started After:0)
2026-05-01 12:11:22.738  3106-3253  elgs                    com....android.googlequicksearchbox  E  (REDACTED) Trace %s timed out after %d ms. Complete trace: %s
                                                                                                    elic: 
                                                                                                    	at tk_trace.Query: SELECT * FROM AllListenersSucceededVersionTable WHERE version_code = (?)(Started After:1)
                                                                                                    	at tk_trace.AfterPackageReplaced(Started After:1)
                                                                                                    	at tk_trace.Startup Listeners(Started After:1)
                                                                                                    	at tk_trace.Application.onCreate(Started After:1)
                                                                                                    	at tk_trace.Application creation(Started After:0)
2026-05-01 12:11:22.738  3106-3356  elgs                    com....android.googlequicksearchbox  E  (REDACTED) Trace %s timed out after %d ms. Complete trace: %s
                                                                                                    elic: 
                                                                                                    	at tk_trace.Read ConversationModeDataStore(Started After:6)
                                                                                                    	at tk_trace.Update ConversationModeDataStore(Started After:6)
                                                                                                    	at tk_trace.PropagatingContext(Started After:0)
                                                                                                    	at tk_trace.java.com.google.android.apps.search.assistant.surfaces.voice.robin.datatransfer.SettingsBackupService/MaybeBackupOrRestore(Started After:0)
                                                                                                    	Suppressed: elib: 
                                                                                                    		at tk_trace.SERVER_ELIGIBILITY_FETCH_END(unfinished)(Unknown Source:0)
                                                                                                    		at tk_trace.java.com.google.android.apps.search.assistant.surfaces.voice.robin.eligibility.EligibilityServiceGetEligibility 6774 ms(Unknown Source:0)
                                                                                                    		at tk_trace.PropagatingContext 250 ms(Unknown Source:0)
                                                                                                    		at tk_trace.java.com.google.android.apps.search.assistant.surfaces.voice.robin.datatransfer.SettingsBackupServiceMaybeBackupOrRestore 0 ms(Unknown Source:0)
                                                                                                    	Suppressed: elib: 
                                                                                                    		at tk_trace.SERVER_ELIGIBILITY_FETCH_START(unfinished)(Unknown Source:0)
                                                                                                    		at tk_trace.java.com.google.android.apps.search.assistant.surfaces.voice.robin.eligibility.EligibilityServiceGetEligibility 6774 ms(Unknown Source:0)
                                                                                                    		at tk_trace.PropagatingContext 250 ms(Unknown Source:0)
                                                                                                    		at tk_trace.java.com.google.android.apps.search.assistant.surfaces.voice.robin.datatransfer.SettingsBackupServiceMaybeBackupOrRestore 0 ms(Unknown Source:0)
2026-05-01 12:11:22.739  3106-3253  elgs                    com....android.googlequicksearchbox  E  (REDACTED) Trace %s timed out after %d ms. Complete trace: %s
                                                                                                    elic: 
                                                                                                    	at tk_trace.Read QueryCountingData(Started After:2)
                                                                                                    	at tk_trace.Get QueryCountingData(Started After:2)
                                                                                                    	at tk_trace.PropagatingContext(Started After:0)
                                                                                                    	at tk_trace.java.com.google.android.apps.search.assistant.surfaces.voice.robin.eligibility.EligibilityService/GetEligibility(Started After:0)
2026-05-01 12:12:12.074  1915-1915  wifi_forwarder          wifi_forwarder                       E  RemoteConnection failed to initialize: RemoteConnection failed to open pipe
2026-05-01 12:12:12.351  1913-1913  netmgr                  netmgr                               E  Failed to open QEMU pipe 'qemud:network': Invalid argument
2026-05-01 12:10:13.819  2014-2151  chatty                  system_server                        I  uid=1000(system) Thread-4 identical 1 line
2026-05-01 12:10:16.507  2014-2151  ClipboardService        system_server                        E  Denying clipboard access to com.minicore.cartio.debug, application is not in focus neither is a system service for user 0
2026-05-01 12:12:17.091  2014-2040  UsageStatsService       system_server                        I  User[0] Flushing usage stats to disk
2026-05-01 12:12:17.108  2014-2040  AppIdleHistory          system_server                        E  Error writing app idle file for user 0
2026-05-01 12:12:27.457  2963-3383  PhenotypeProcessReaper  com.android.vending                  I  Memory state is: 125
2026-05-01 12:12:50.465  2014-2040  memtrack                system_server                        E  Couldn't load memtrack module
2026-05-01 12:12:50.465  2014-2040  android.os.Debug        system_server                        W  failed to get memory consumption info: -1
2026-05-01 12:12:50.472  2572-6712  AlarmManager            com.google.android.gms.persistent    I  setExactAndAllowWhileIdle [name: GCM_HB_ALARM type: 2 triggerAtMillis: 1307137]
2026-05-01 12:12:50.474  2572-6712  WakeLock                com.google.android.gms.persistent    W  GCM_HB_ALARM release without a matched acquire! [CONTEXT service_id=259 ]
2026-05-01 12:12:51.472  2572-2572  BoundBrokerSvc          com.google.android.gms.persistent    D  onRebind: Intent { act=com.google.android.gms.libs.gmscorelogger.service.START dat=chimera-action: cmp=com.google.android.gms/.chimera.PersistentDirectBootAwareApiService }
2026-05-01 12:13:00.520  2014-2040  memtrack                system_server                        E  Couldn't load memtrack module
2026-05-01 12:13:00.520  2014-2040  android.os.Debug        system_server                        W  failed to get memory consumption info: -1
2026-05-01 12:13:06.489  2572-2572  BoundBrokerSvc          com.google.android.gms.persistent    D  onUnbind: Intent { act=com.google.android.gms.libs.gmscorelogger.service.START dat=chimera-action: cmp=com.google.android.gms/.chimera.PersistentDirectBootAwareApiService }
2026-05-01 12:13:09.739  2572-6589  NativeCrypto            com.google.android.gms.persistent    V  Read error: ssl=0xe5860fd8: I/O error during system call, Connection reset by peer
2026-05-01 12:13:09.743  2572-6861  NativeCrypto            com.google.android.gms.persistent    V  SSL shutdown failed: ssl=0xe5860fd8: I/O error during system call, Broken pipe
2026-05-01 12:13:09.744  2572-6861  WakeLock                com.google.android.gms.persistent    W  GCM_HB_ALARM release without a matched acquire! [CONTEXT service_id=259 ]
2026-05-01 12:13:09.744  2572-6861  WakeLock                com.google.android.gms.persistent    W  GCM_HB_ALARM counter does not exist
2026-05-01 12:13:09.822  2572-3646  NetworkMan...cketTagger com.google.android.gms.persistent    I  tagSocketFd(-1, 1031, -1) failed with errno-9
2026-05-01 12:13:09.969  2572-6861  AlarmManager            com.google.android.gms.persistent    I  setExactAndAllowWhileIdle [name: GCM_HB_ALARM type: 2 triggerAtMillis: 1686634]
2026-05-01 12:13:10.061  2572-6589  AlarmManager            com.google.android.gms.persistent    I  setExactAndAllowWhileIdle [name: GCM_HB_ALARM type: 2 triggerAtMillis: 1686726]
2026-05-01 12:13:10.063  2572-6589  WakeLock                com.google.android.gms.persistent    W  GCM_CONN_ALARM release without a matched acquire! [CONTEXT service_id=259 ]
2026-05-01 12:13:10.068  2572-6589  AlarmManager            com.google.android.gms.persistent    I  setExactAndAllowWhileIdle [name: GCM_HB_ALARM type: 2 triggerAtMillis: 1686733]
2026-05-01 12:13:12.074  1915-1915  wifi_forwarder          wifi_forwarder                       E  RemoteConnection failed to initialize: RemoteConnection failed to open pipe
2026-05-01 12:13:12.413  1913-1913  netmgr                  netmgr                               E  Failed to open QEMU pipe 'qemud:network': Invalid argument
2026-05-01 12:13:23.942  2963-3155  Finsky                  com.android.vending                  I  [135] Stats for Executor: LightweightExecutor vng@ba074e3[Running, pool size = 3, active threads = 0, queued tasks = 0, completed tasks = 1981]
2026-05-01 12:13:24.003  2963-3155  Finsky                  com.android.vending                  I  [135] Stats for Executor: BlockingExecutor vng@1811ee0[Running, pool size = 0, active threads = 0, queued tasks = 0, completed tasks = 183]
2026-05-01 12:13:24.146  2963-3155  Finsky                  com.android.vending                  I  [135] Stats for Executor: bgExecutor vng@ca29599[Running, pool size = 4, active threads = 0, queued tasks = 0, completed tasks = 3854]
2026-05-01 12:13:25.140  2014-2040  memtrack                system_server                        E  Couldn't load memtrack module
2026-05-01 12:13:25.140  2014-2040  android.os.Debug        system_server                        W  failed to get memory consumption info: -1
2026-05-01 12:13:25.142  2014-2040  memtrack                system_server                        E  Couldn't load memtrack module
2026-05-01 12:13:25.142  2014-2040  android.os.Debug        system_server                        W  failed to get memory consumption info: -1
2026-05-01 12:13:25.618  2963-3155  Finsky                  com.android.vending                  I  [135] Stats for Executor: GrpcBackgroundExecutor vng@824805e[Running, pool size = 4, active threads = 0, queued tasks = 0, completed tasks = 19]
2026-05-01 12:13:33.069  2963-2963  Finsky                  com.android.vending                  I  [2] SCH: job service start with id 9354.
2026-05-01 12:13:33.071  4906-5053  PlayCommon              pid-4906                             I  [317] Preparing logs for uploading
2026-05-01 12:13:33.072  4906-5053  PlayCommon              pid-4906                             W  [317] No account for auth token provided
2026-05-01 12:13:33.076  4906-5053  PlayCommon              pid-4906                             I  [317] Connecting to server: https://play.googleapis.com/play/log?format=raw&proto_v2=true
2026-05-01 12:13:33.081  2963-6917  Finsky                  com.android.vending                  I  [316] SCH: Satisfied jobs for 9354 are: 10-4
2026-05-01 12:13:33.081  2963-6916  Finsky                  com.android.vending                  I  [315] SCH: Job 10-4 starting
2026-05-01 12:13:33.082  2963-2963  Finsky                  com.android.vending                  I  [2] WM::SCH: Logging work start for 10-4
2026-05-01 12:13:33.095  1742-1966  netd                    netd                                 I  trafficSwapActiveStatsMap() <38.26ms>
2026-05-01 12:13:33.097  1742-1966  netd                    netd                                 I  tetherGetStats() <1.07ms>
2026-05-01 12:13:33.104  1742-1966  netd                    netd                                 I  bandwidthSetGlobalAlert(2097152) <0.88ms>
2026-05-01 12:13:33.121  1743-1743  Zygote                  pid-1743                             D  Forked child process 6924
2026-05-01 12:13:33.123  6040-6040  BoundBrokerSvc          com.google.android.gms               D  onRebind: Intent { act=com.google.android.gms.semanticlocationhistory.service.START dat=chimera-action: cmp=com.google.android.gms/.chimera.GmsApiService }
2026-05-01 12:13:33.126  6924-6924  d.configupdate          com.google.android.configupdater     W  Unexpected CPU variant for X86 using defaults: x86
2026-05-01 12:13:33.128  2014-2042  ActivityManager         system_server                        I  Start proc 6924:com.google.android.configupdater/u0a115 for broadcast {com.google.android.configupdater/com.google.android.configupdater.PhenotypeBroadcastReceiver}
2026-05-01 12:13:33.135  6924-6924  d.configupdate          com.google.android.configupdater     E  Not starting debugger since process cannot load the jdwp agent.
2026-05-01 12:13:33.137  2963-6920  Finsky                  com.android.vending                  I  [317] AF: Checkbox is disabled because isCheckboxEnabled() returned false, or was cancelled, or failed.
2026-05-01 12:13:33.137  2963-6920  Finsky                  com.android.vending                  I  [317] AF: appUsageCollection is disabled because isAppUsageCollectionEnabled() returned false, or was cancelled, or failed.
2026-05-01 12:13:33.179  6924-6924  ApplicationLoaders      com.google.android.configupdater     D  Returning zygote-cached class loader: /system/framework/android.hidl.base-V1.0-java.jar
2026-05-01 12:13:33.180  6924-6924  ApplicationLoaders      com.google.android.configupdater     D  Returning zygote-cached class loader: /system/framework/android.hidl.manager-V1.0-java.jar
2026-05-01 12:13:33.180  6924-6924  ApplicationLoaders      com.google.android.configupdater     D  Returning zygote-cached class loader: /system/framework/android.hidl.base-V1.0-java.jar
2026-05-01 12:13:33.183  6924-6924  d.configupdate          com.google.android.configupdater     I  The ClassLoaderContext is a special shared library.
2026-05-01 12:13:33.237  2963-6920  Finsky                  com.android.vending                  I  [317] AU2: current managed auto update config: AUTO_UPDATE_POLICY_UNSPECIFIED
2026-05-01 12:13:33.237  2963-6920  Finsky                  com.android.vending                  I  [317] AU2: current managed auto update config: AUTO_UPDATE_POLICY_UNSPECIFIED
2026-05-01 12:13:33.279  2963-6920  Finsky                  com.android.vending                  I  [317] SCH: jobFinished: 10-4. TimeElapsed: 198ms.
2026-05-01 12:13:33.279  2963-6920  Finsky                  com.android.vending                  I  [317] WM::SCH: Logging work end for 10-4
2026-05-01 12:13:33.296  2963-3242  Finsky                  com.android.vending                  I  [153] SCH: Scheduling phonesky job Id: 1-1337, CT: 1777632759521, Constraints: [{ L: 41503178, D: 84703178, C: CHARGING_NONE, I: IDLE_NONE, N: NET_ANY, B: BATTERY_ANY }]
2026-05-01 12:13:33.296  2963-3242  Finsky                  com.android.vending                  I  [153] SCH: Scheduling phonesky job Id: 34-16, CT: 1777632809813, Constraints: [{ L: 79199895, D: 1375199895, C: CHARGING_NONE, I: IDLE_NONE, N: NET_ANY, B: BATTERY_ANY }]
2026-05-01 12:13:33.296  2963-3242  Finsky                  com.android.vending                  I  [153] SCH: Scheduling phonesky job Id: 34-17, CT: 1777632810658, Constraints: [{ L: 604800000, D: 2591999511, C: CHARGING_NONE, I: IDLE_NONE, N: NET_ANY, B: BATTERY_ANY }]
2026-05-01 12:13:33.299  2963-3245  Finsky                  com.android.vending                  I  [155] SCH: Scheduling 1 system job(s)
2026-05-01 12:13:33.299  2963-3245  Finsky                  com.android.vending                  I  [155] SCH: Scheduling system job Id: 9358, L: 40249400, D: 83449400, C: false, I: false, N: 1
2026-05-01 12:13:33.303  2963-6916  Finsky                  com.android.vending                  I  [315] SCH: job service finished with id 9354.
2026-05-01 12:13:33.310  2572-6907  NetworkScheduler.Stats  com.google.android.gms.persistent    I  (REDACTED) Task %s/%s started execution. cause:%s exec_start_elapsed_seconds: %s
2026-05-01 12:13:33.315  2572-6907  TapAndPay               com.google.android.gms.persistent    I  deviceSupportsHce has detected emulator [CONTEXT service_id=79 ]
2026-05-01 12:13:33.319  2572-6907  NFC                     com.google.android.gms.persistent    V  this device does not have NFC support
2026-05-01 12:13:33.319  2572-6907  TapAndPay               com.google.android.gms.persistent    I  NfcAdapter is null while obtaining CardEmulation instance. [CONTEXT service_id=79 ]
2026-05-01 12:13:33.328  2572-6907  NetworkScheduler.Stats  com.google.android.gms.persistent    I  (REDACTED) Task %s/%s finished executing. cause:%s result: %s elapsed_millis: %s uptime_millis: %s exec_start_elapsed_seconds: %s
2026-05-01 12:13:33.389  4906-5053  PlayCommon              pid-4906                             I  [317] Successfully uploaded logs.
2026-05-01 12:13:33.666  2014-3469  AppOps                  system_server                        W  Noting op not finished: uid 10112 pkg com.google.android.gms code 79 time=1777633381057 duration=0
2026-05-01 12:13:33.670  2014-3213  AppOps                  system_server                        W  Noting op not finished: uid 10112 pkg com.google.android.gms code 79 time=1777634013666 duration=0
2026-05-01 12:13:33.673  2014-2678  AppOps                  system_server                        W  Noting op not finished: uid 10112 pkg com.google.android.gms code 79 time=1777634013670 duration=0
2026-05-01 12:13:33.676  2572-3316  ActivityScheduler       com.google.android.gms.persistent    I  nextTriggerTime: 1888441, in 598100ms, detectorType: 39, FULL_TYPE alarmWindowMillis: 200000
2026-05-01 12:13:34.135  2572-2572  BoundBrokerSvc          com.google.android.gms.persistent    D  onRebind: Intent { act=com.google.android.gms.libs.gmscorelogger.service.START dat=chimera-action: cmp=com.google.android.gms/.chimera.PersistentDirectBootAwareApiService }
2026-05-01 12:13:37.006  2014-2678  WificondControl         system_server                        D  Scan result ready event
2026-05-01 12:13:37.014  2572-3001  NullBinder              com.google.android.gms.persistent    I  NullBinder for android.net.action.RECOMMEND_NETWORKS triggering remote TransactionTooLargeException due to Service without Chimera impl, calling uid: 1000, calling pid: 0
2026-05-01 12:13:48.174  2014-2040  memtrack                system_server                        E  Couldn't load memtrack module
2026-05-01 12:13:48.174  2014-2040  android.os.Debug        system_server                        W  failed to get memory consumption info: -1
2026-05-01 12:13:48.180  6040-6040  BoundBrokerSvc          com.google.android.gms               D  onUnbind: Intent { act=com.google.android.gms.semanticlocationhistory.service.START dat=chimera-action: cmp=com.google.android.gms/.chimera.GmsApiService }
2026-05-01 12:13:49.148  2572-2572  BoundBrokerSvc          com.google.android.gms.persistent    D  onUnbind: Intent { act=com.google.android.gms.libs.gmscorelogger.service.START dat=chimera-action: cmp=com.google.android.gms/.chimera.PersistentDirectBootAwareApiService }
2026-05-01 12:14:09.754  2014-2040  memtrack                system_server                        E  Couldn't load memtrack module
2026-05-01 12:14:09.754  2014-2040  android.os.Debug        system_server                        W  failed to get memory consumption info: -1
2026-05-01 12:14:10.761  2572-2572  BoundBrokerSvc          com.google.android.gms.persistent    D  onRebind: Intent { act=com.google.android.gms.libs.gmscorelogger.service.START dat=chimera-action: cmp=com.google.android.gms/.chimera.PersistentDirectBootAwareApiService }
2026-05-01 12:14:12.090  1915-1915  wifi_forwarder          wifi_forwarder                       E  RemoteConnection failed to initialize: RemoteConnection failed to open pipe
2026-05-01 12:14:12.474  1913-1913  netmgr                  netmgr                               E  Failed to open QEMU pipe 'qemud:network': Invalid argument
2026-05-01 12:14:15.236  2014-2151  ClipboardService        system_server                        E  Denying clipboard access to com.minicore.cartio.debug, application is not in focus neither is a system service for user 0
2026-05-01 12:14:25.792  2572-2572  BoundBrokerSvc          com.google.android.gms.persistent    D  onUnbind: Intent { act=com.google.android.gms.libs.gmscorelogger.service.START dat=chimera-action: cmp=com.google.android.gms/.chimera.PersistentDirectBootAwareApiService }
2026-05-01 12:15:12.090  1915-1915  wifi_forwarder          wifi_forwarder                       E  RemoteConnection failed to initialize: RemoteConnection failed to open pipe
2026-05-01 12:15:12.536  1913-1913  netmgr                  netmgr                               E  Failed to open QEMU pipe 'qemud:network': Invalid argument
2026-05-01 12:15:22.205  2014-2151  ClipboardService        system_server                        E  Denying clipboard access to com.minicore.cartio.debug, application is not in focus neither is a system service for user 0
2026-05-01 12:16:12.140  1915-1915  wifi_forwarder          wifi_forwarder                       E  RemoteConnection failed to initialize: RemoteConnection failed to open pipe
2026-05-01 12:16:12.597  1913-1913  netmgr                  netmgr                               E  Failed to open QEMU pipe 'qemud:network': Invalid argument
2026-05-01 12:17:12.200  1915-1915  wifi_forwarder          wifi_forwarder                       E  RemoteConnection failed to initialize: RemoteConnection failed to open pipe
2026-05-01 12:17:12.659  1913-1913  netmgr                  netmgr                               E  Failed to open QEMU pipe 'qemud:network': Invalid argument
2026-05-01 12:17:53.363  2014-2040  memtrack                system_server                        E  Couldn't load memtrack module
2026-05-01 12:17:53.363  2014-2040  android.os.Debug        system_server                        W  failed to get memory consumption info: -1
2026-05-01 12:17:53.369  2014-2040  memtrack                system_server                        E  Couldn't load memtrack module
2026-05-01 12:17:53.369  2014-2040  android.os.Debug        system_server                        W  failed to get memory consumption info: -1
2026-05-01 12:17:53.396  2014-2040  memtrack                system_server                        E  Couldn't load memtrack module
2026-05-01 12:17:53.397  2014-2040  android.os.Debug        system_server                        W  failed to get memory consumption info: -1
2026-05-01 12:17:53.400  5188-5188  SetupWizard             com.google.android.setupwizard       I  [DeferredSetupNotificationSchedulerService] Deferred notification scheduled at Thu Apr 23 16:42:58 EDT 2026
2026-05-01 12:17:53.402  2014-2040  memtrack                system_server                        E  Couldn't load memtrack module
2026-05-01 12:17:53.405  2014-2040  android.os.Debug        system_server                        W  failed to get memory consumption info: -1
2026-05-01 12:17:53.408  2014-2040  memtrack                system_server                        E  Couldn't load memtrack module
2026-05-01 12:17:53.408  2014-2040  android.os.Debug        system_server                        W  failed to get memory consumption info: -1
2026-05-01 12:17:53.410  2014-2040  memtrack                system_server                        E  Couldn't load memtrack module
2026-05-01 12:17:53.410  2014-2040  android.os.Debug        system_server                        W  failed to get memory consumption info: -1
2026-05-01 12:17:57.326  2014-2678  WificondControl         system_server                        D  Scan result ready event
2026-05-01 12:17:57.335  2572-2591  NullBinder              com.google.android.gms.persistent    I  NullBinder for android.net.action.RECOMMEND_NETWORKS triggering remote TransactionTooLargeException due to Service without Chimera impl, calling uid: 1000, calling pid: 0
2026-05-01 12:18:12.207  1915-1915  wifi_forwarder          wifi_forwarder                       E  RemoteConnection failed to initialize: RemoteConnection failed to open pipe
2026-05-01 12:18:12.716  1913-1913  netmgr                  netmgr                               E  Failed to open QEMU pipe 'qemud:network': Invalid argument
2026-05-01 12:18:38.218  2014-2040  memtrack                system_server                        E  Couldn't load memtrack module
2026-05-01 12:18:38.218  2014-2040  android.os.Debug        system_server                        W  failed to get memory consumption info: -1
2026-05-01 12:18:38.220  2014-2040  memtrack                system_server                        E  Couldn't load memtrack module
2026-05-01 12:18:38.220  2014-2040  android.os.Debug        system_server                        W  failed to get memory consumption info: -1
2026-05-01 12:18:38.222  2014-2040  memtrack                system_server                        E  Couldn't load memtrack module
2026-05-01 12:18:38.222  2014-2040  android.os.Debug        system_server                        W  failed to get memory consumption info: -1
2026-05-01 12:18:38.223  2014-2040  memtrack                system_server                        E  Couldn't load memtrack module
2026-05-01 12:18:38.223  2014-2040  android.os.Debug        system_server                        W  failed to get memory consumption info: -1
2026-05-01 12:18:38.224  2014-2040  memtrack                system_server                        E  Couldn't load memtrack module
2026-05-01 12:18:38.224  2014-2040  android.os.Debug        system_server                        W  failed to get memory consumption info: -1
2026-05-01 12:18:38.225  2014-2040  memtrack                system_server                        E  Couldn't load memtrack module
2026-05-01 12:18:38.225  2014-2040  android.os.Debug        system_server                        W  failed to get memory consumption info: -1
2026-05-01 12:18:38.226  2014-2040  memtrack                system_server                        E  Couldn't load memtrack module
2026-05-01 12:18:38.226  2014-2040  android.os.Debug        system_server                        W  failed to get memory consumption info: -1
2026-05-01 12:18:38.227  2014-2040  memtrack                system_server                        E  Couldn't load memtrack module
2026-05-01 12:18:38.227  2014-2040  android.os.Debug        system_server                        W  failed to get memory consumption info: -1
2026-05-01 12:18:38.228  2014-2040  memtrack                system_server                        E  Couldn't load memtrack module
2026-05-01 12:18:38.228  2014-2040  android.os.Debug        system_server                        W  failed to get memory consumption info: -1
2026-05-01 12:18:38.230  2014-2040  memtrack                system_server                        E  Couldn't load memtrack module
2026-05-01 12:18:38.230  2014-2040  android.os.Debug        system_server                        W  failed to get memory consumption info: -1
2026-05-01 12:18:46.866  2014-2040  memtrack                system_server                        E  Couldn't load memtrack module
2026-05-01 12:18:46.866  2014-2040  android.os.Debug        system_server                        W  failed to get memory consumption info: -1
2026-05-01 12:18:46.880  3106-3106  cmgt                    com....android.googlequicksearchbox  I  (REDACTED) #onReceive: %s
2026-05-01 12:18:46.979  3106-3253  cnay                    com....android.googlequicksearchbox  I  #entry Received background refresh worker run
2026-05-01 12:18:46.983  3106-3356  cmoe                    com....android.googlequicksearchbox  I  #entry Starting PCP background refresh worker...
2026-05-01 12:18:47.040  3106-3356  cmho                    com....android.googlequicksearchbox  I  (REDACTED) remove request for trigger key: %s, isClientInitiated: %s
2026-05-01 12:18:47.045  3106-3253  cmjo                    com....android.googlequicksearchbox  I  (REDACTED) #remove: subTriggerId=%s
2026-05-01 12:18:47.050  3106-3277  dptn                    com....android.googlequicksearchbox  I  Building Device Properties.
2026-05-01 12:18:47.061  3106-3253  ebkb                    com....android.googlequicksearchbox  I  #getHotwordModelConfig
2026-05-01 12:18:47.062  3106-3253  cnxg                    com....android.googlequicksearchbox  I  (REDACTED) MDD.getFileGroup(%s)
2026-05-01 12:18:47.101  3106-3281  cnxg                    com....android.googlequicksearchbox  I  (REDACTED) Loading %s from MDD with name=%s version=%d BuildId= %d
2026-05-01 12:18:47.114  3106-3253  cnxg                    com....android.googlequicksearchbox  I  (REDACTED) [SRM] [Hotword] get hotword model config success, %d locales.
2026-05-01 12:18:47.114  3106-3253  cnxg                    com....android.googlequicksearchbox  I  (REDACTED) MDD.EmbeddedAssetManifestPopulator.refreshFileGroups(%s)
2026-05-01 12:18:47.244  3106-3253  cnxg                    com....android.googlequicksearchbox  I  (REDACTED) MDD.getFileGroup(%s)
2026-05-01 12:18:47.245  3106-3281  cnxg                    com....android.googlequicksearchbox  I  (REDACTED) Loading %s from MDD with name=%s version=%d BuildId= %d
2026-05-01 12:18:47.246  3106-3253  cnxg                    com....android.googlequicksearchbox  I  (REDACTED) [SRM] [Hotword] get hotword model config success, %d locales.
2026-05-01 12:18:47.246  3106-3253  ebkb                    com....android.googlequicksearchbox  W  (REDACTED) Embedded config %d is more recent than server config %d, return embedded one.
2026-05-01 12:18:47.246  3106-3253  ebkb                    com....android.googlequicksearchbox  I  (REDACTED) Returning hotword config from Mobserve with build %d and keys: %s
2026-05-01 12:18:47.249  3106-7077  ebrc                    com....android.googlequicksearchbox  W  Hotword settings PDS is not populated - defaulting to DECLINED.
2026-05-01 12:18:47.286  3106-3253  aodh                    com....android.googlequicksearchbox  I  OptInSetting is UNKNOWN or UNRECOGNIZED [CONTEXT ratelimit_period="10 SECONDS" skipped=28 ]
2026-05-01 12:18:47.286  3106-3253  ajpf                    com....android.googlequicksearchbox  I  Device not matched [CONTEXT ratelimit_period="10 SECONDS" skipped=35 ]
2026-05-01 12:18:47.287  3106-3253  beaf                    com....android.googlequicksearchbox  I  (REDACTED) getInitialSimplifiedOobeViaDeeplinkUser: %b
2026-05-01 12:18:47.287  3106-3253  aodh                    com....android.googlequicksearchbox  I  (REDACTED) isDeeplinkEnabled %s, isInitialSimplifiedOobeViaDeeplinkUser %s
2026-05-01 12:18:47.287  3106-3253  aodh                    com....android.googlequicksearchbox  I  #getOobeStatus: BeforeOobe [CONTEXT ratelimit_period="10 SECONDS" skipped=28 ]
2026-05-01 12:18:47.289  3106-3253  beaf                    com....android.googlequicksearchbox  I  (REDACTED) getInitialSimplifiedOobeViaDeeplinkUser: %b
2026-05-01 12:18:47.289  3106-3253  aodh                    com....android.googlequicksearchbox  I  (REDACTED) isDeeplinkEnabled %s, isInitialSimplifiedOobeViaDeeplinkUser %s
2026-05-01 12:18:47.291  3106-3253  djrk                    com....android.googlequicksearchbox  I  (REDACTED) isAppDefaultAssistant setting: %s
2026-05-01 12:18:47.291  3106-3253  djrk                    com....android.googlequicksearchbox  I  (REDACTED) isAppDefaultAssistant defaultComponentName: %s
2026-05-01 12:18:47.293  3106-3253  cmzk                    com....android.googlequicksearchbox  I  Using default weather temperature preference
2026-05-01 12:18:47.904  3106-4116  cn_CronetU...estContext com....android.googlequicksearchbox  I  destroyNativeStreamLocked org.chromium.net.impl.CronetBidirectionalStream@21924ec
2026-05-01 12:18:47.941  3106-3356  cmho                    com....android.googlequicksearchbox  I  (REDACTED) remove request for trigger key: %s, isClientInitiated: %s
2026-05-01 12:18:47.944  3106-3356  cmjo                    com....android.googlequicksearchbox  I  (REDACTED) #maybeCreateTimeTrigger: time trigger= %s with start time=%d, stop time=%d in seconds.
2026-05-01 12:18:47.950  3106-3356  cmho                    com....android.googlequicksearchbox  I  (REDACTED) remove request for trigger key: %s, isClientInitiated: %s
2026-05-01 12:18:47.953  3106-3356  cmjo                    com....android.googlequicksearchbox  I  (REDACTED) #remove: subTriggerId=%s
2026-05-01 12:18:47.959  3106-3356  cmjo                    com....android.googlequicksearchbox  I  (REDACTED) #maybeCreateTimeTrigger: time trigger= %s with start time=%d, stop time=%d in seconds.
2026-05-01 12:18:56.917  2014-2040  memtrack                system_server                        E  Couldn't load memtrack module
2026-05-01 12:18:56.917  2014-2040  android.os.Debug        system_server                        W  failed to get memory consumption info: -1
2026-05-01 12:18:56.920  2014-2040  memtrack                system_server                        E  Couldn't load memtrack module
2026-05-01 12:18:56.920  2014-2040  android.os.Debug        system_server                        W  failed to get memory consumption info: -1
2026-05-01 12:19:12.267  1915-1915  wifi_forwarder          wifi_forwarder                       E  RemoteConnection failed to initialize: RemoteConnection failed to open pipe
2026-05-01 12:19:12.737  1913-1913  netmgr                  netmgr                               E  Failed to open QEMU pipe 'qemud:network': Invalid argument
2026-05-01 12:19:47.342  2572-2572  BoundBrokerSvc          com.google.android.gms.persistent    D  onRebind: Intent { act=com.google.android.gms.clearcut.sampler.service.START dat=chimera-action: cmp=com.google.android.gms/.chimera.PersistentDirectBootAwareApiService }
2026-05-01 12:20:02.432  2572-2572  BoundBrokerSvc          com.google.android.gms.persistent    D  onUnbind: Intent { act=com.google.android.gms.clearcut.sampler.service.START dat=chimera-action: cmp=com.google.android.gms/.chimera.PersistentDirectBootAwareApiService }
2026-05-01 12:20:02.433  2014-2040  memtrack                system_server                        E  Couldn't load memtrack module
2026-05-01 12:20:02.433  2014-2040  android.os.Debug        system_server                        W  failed to get memory consumption info: -1
2026-05-01 12:20:10.076  2572-7099  AlarmManager            com.google.android.gms.persistent    I  setExactAndAllowWhileIdle [name: GCM_HB_ALARM type: 2 triggerAtMillis: 1746741]
2026-05-01 12:20:10.079  2572-7099  WakeLock                com.google.android.gms.persistent    W  GCM_HB_ALARM release without a matched acquire! [CONTEXT service_id=259 ]
2026-05-01 12:20:11.076  2572-2572  BoundBrokerSvc          com.google.android.gms.persistent    D  onRebind: Intent { act=com.google.android.gms.libs.gmscorelogger.service.START dat=chimera-action: cmp=com.google.android.gms/.chimera.PersistentDirectBootAwareApiService }
2026-05-01 12:20:12.328  1915-1915  wifi_forwarder          wifi_forwarder                       E  RemoteConnection failed to initialize: RemoteConnection failed to open pipe
2026-05-01 12:20:12.756  1913-1913  netmgr                  netmgr                               E  Failed to open QEMU pipe 'qemud:network': Invalid argument
2026-05-01 12:20:26.092  2572-2572  BoundBrokerSvc          com.google.android.gms.persistent    D  onUnbind: Intent { act=com.google.android.gms.libs.gmscorelogger.service.START dat=chimera-action: cmp=com.google.android.gms/.chimera.PersistentDirectBootAwareApiService }
2026-05-01 12:20:31.720  2572-6895  NativeCrypto            com.google.android.gms.persistent    V  Read error: ssl=0xe5861a58: I/O error during system call, Connection reset by peer
2026-05-01 12:20:31.724  2572-7111  NativeCrypto            com.google.android.gms.persistent    V  SSL shutdown failed: ssl=0xe5861a58: I/O error during system call, Broken pipe
2026-05-01 12:20:31.725  2572-7111  WakeLock                com.google.android.gms.persistent    W  GCM_HB_ALARM release without a matched acquire! [CONTEXT service_id=259 ]
2026-05-01 12:20:31.725  2572-7111  WakeLock                com.google.android.gms.persistent    W  GCM_HB_ALARM counter does not exist
2026-05-01 12:20:31.798  2572-3646  NetworkMan...cketTagger com.google.android.gms.persistent    I  tagSocketFd(-1, 1031, -1) failed with errno-9
2026-05-01 12:20:31.955  2572-7111  AlarmManager            com.google.android.gms.persistent    I  setExactAndAllowWhileIdle [name: GCM_HB_ALARM type: 2 triggerAtMillis: 1888620]
2026-05-01 12:20:32.038  2572-6895  AlarmManager            com.google.android.gms.persistent    I  setExactAndAllowWhileIdle [name: GCM_HB_ALARM type: 2 triggerAtMillis: 1888703]
2026-05-01 12:20:32.039  2572-6895  WakeLock                com.google.android.gms.persistent    W  GCM_CONN_ALARM release without a matched acquire! [CONTEXT service_id=259 ]
2026-05-01 12:20:32.043  2572-6895  AlarmManager            com.google.android.gms.persistent    I  setExactAndAllowWhileIdle [name: GCM_HB_ALARM type: 2 triggerAtMillis: 1888708]
2026-05-01 12:21:12.340  1915-1915  wifi_forwarder          wifi_forwarder                       E  RemoteConnection failed to initialize: RemoteConnection failed to open pipe
2026-05-01 12:21:12.817  1913-1913  netmgr                  netmgr                               E  Failed to open QEMU pipe 'qemud:network': Invalid argument
2026-05-01 12:21:32.735  2572-2572  BoundBrokerSvc          com.google.android.gms.persistent    D  onRebind: Intent { act=com.google.android.gms.libs.gmscorelogger.service.START dat=chimera-action: cmp=com.google.android.gms/.chimera.PersistentDirectBootAwareApiService }
2026-05-01 12:21:47.750  2572-2572  BoundBrokerSvc          com.google.android.gms.persistent    D  onUnbind: Intent { act=com.google.android.gms.libs.gmscorelogger.service.START dat=chimera-action: cmp=com.google.android.gms/.chimera.PersistentDirectBootAwareApiService }
2026-05-01 12:21:53.787  2014-2151  ClipboardService        system_server                        E  Denying clipboard access to com.minicore.cartio.debug, application is not in focus neither is a system service for user 0
2026-05-01 12:22:03.368  2014-2046  BluetoothAdapter        system_server                        E  Bluetooth binder is null
2026-05-01 12:21:53.963  2014-2151  ClipboardService        system_server                        E  Denying clipboard access to com.minicore.cartio.debug, application is not in focus neither is a system service for user 0
2026-05-01 12:22:03.415  2014-2046  KernelCpuP...ringReader system_server                        W  File not found. It's normal if not implemented: /proc/uid_time_in_state
2026-05-01 12:22:03.415  2014-2046  KernelCpuP...ringReader system_server                        W  File not found. It's normal if not implemented: /proc/uid_concurrent_active_time
2026-05-01 12:22:03.416  2014-2046  KernelCpuP...ringReader system_server                        W  File not found. It's normal if not implemented: /proc/uid_concurrent_policy_time
2026-05-01 12:22:03.487  1742-1966  netd                    netd                                 I  trafficSwapActiveStatsMap() <51.53ms>
2026-05-01 12:22:03.494  1742-1966  netd                    netd                                 I  tetherGetStats() <4.86ms>
2026-05-01 12:22:12.357  1915-1915  wifi_forwarder          wifi_forwarder                       E  RemoteConnection failed to initialize: RemoteConnection failed to open pipe
2026-05-01 12:22:12.879  1913-1913  netmgr                  netmgr                               E  Failed to open QEMU pipe 'qemud:network': Invalid argument
2026-05-01 12:22:18.026  1742-1966  netd                    netd                                 I  trafficSwapActiveStatsMap() <66.30ms>
2026-05-01 12:22:18.028  1742-1966  netd                    netd                                 I  tetherGetStats() <0.61ms>
2026-05-01 12:22:18.035  1742-1966  netd                    netd                                 I  bandwidthSetGlobalAlert(2097152) <0.45ms>
2026-05-01 12:22:18.063  2014-2040  ProcessStatsService     system_server                        I  Pruning old procstats: /data/system/procstats/state-2026-04-24-08-03-15.bin
2026-05-01 12:22:18.169  2572-7111  NetworkScheduler.Stats  com.google.android.gms.persistent    I  (REDACTED) Task %s/%s started execution. cause:%s exec_start_elapsed_seconds: %s
2026-05-01 12:22:18.190  2572-7111  NetworkScheduler.Stats  com.google.android.gms.persistent    I  (REDACTED) Task %s/%s finished executing. cause:%s result: %s elapsed_millis: %s uptime_millis: %s exec_start_elapsed_seconds: %s
2026-05-01 12:22:19.077  2572-2572  BoundBrokerSvc          com.google.android.gms.persistent    D  onRebind: Intent { act=com.google.android.gms.libs.gmscorelogger.service.START dat=chimera-action: cmp=com.google.android.gms/.chimera.PersistentDirectBootAwareApiService }
2026-05-01 12:22:21.916  2014-3215  WificondControl         system_server                        D  Scan result ready event
2026-05-01 12:22:21.917  2353-2353  wpa_supplicant          wpa_supplicant                       I  nl80211: send_and_recv->nl_recvmsgs failed: -33
2026-05-01 12:22:21.924  2572-5837  NullBinder              com.google.android.gms.persistent    I  NullBinder for android.net.action.RECOMMEND_NETWORKS triggering remote TransactionTooLargeException due to Service without Chimera impl, calling uid: 1000, calling pid: 0
2026-05-01 12:22:22.139  2572-7164  AlarmManager            com.google.android.gms.persistent    I  setExactAndAllowWhileIdle [name: GCM_HB_ALARM type: 2 triggerAtMillis: 1998804]
2026-05-01 12:22:22.142  2572-7164  AlarmManager            com.google.android.gms.persistent    I  setExactAndAllowWhileIdle [name: GCM_HB_ALARM type: 2 triggerAtMillis: 1998807]
