2026-05-01 12:59:29.953  8560-8560  re.cartio.debu          com.minicore.cartio.debug            W  Accessing hidden method Llibcore/io/Memory;->peekByte(J)B (greylist, reflection, allowed)
2026-05-01 12:59:29.953  8560-8560  re.cartio.debu          com.minicore.cartio.debug            W  Accessing hidden method Llibcore/io/Memory;->pokeByteArray(J[BII)V (greylist, reflection, allowed)
2026-05-01 12:59:29.953  8560-8560  re.cartio.debu          com.minicore.cartio.debug            W  Accessing hidden method Llibcore/io/Memory;->peekByteArray(J[BII)V (greylist, reflection, allowed)
2026-05-01 12:59:29.953  8560-8560  re.cartio.debu          com.minicore.cartio.debug            W  Accessing hidden method Lsun/misc/Unsafe;->getLong(Ljava/lang/Object;J)J (greylist,core-platform-api, reflection, allowed)
2026-05-01 12:59:29.953  8560-8560  re.cartio.debu          com.minicore.cartio.debug            W  Accessing hidden field Ljava/nio/Buffer;->address:J (greylist, reflection, allowed)
2026-05-01 12:59:29.954  8560-8560  re.cartio.debu          com.minicore.cartio.debug            W  Accessing hidden method Lsun/misc/Unsafe;->getInt(Ljava/lang/Object;J)I (greylist, reflection, allowed)
2026-05-01 12:59:29.954  8560-8560  re.cartio.debu          com.minicore.cartio.debug            W  Accessing hidden method Lsun/misc/Unsafe;->putInt(Ljava/lang/Object;JI)V (greylist, reflection, allowed)
2026-05-01 12:59:29.954  8560-8560  re.cartio.debu          com.minicore.cartio.debug            W  Accessing hidden method Lsun/misc/Unsafe;->getLong(Ljava/lang/Object;J)J (greylist,core-platform-api, reflection, allowed)
2026-05-01 12:59:29.954  8560-8560  re.cartio.debu          com.minicore.cartio.debug            W  Accessing hidden method Lsun/misc/Unsafe;->putLong(Ljava/lang/Object;JJ)V (greylist, reflection, allowed)
2026-05-01 12:59:29.954  8560-8560  re.cartio.debu          com.minicore.cartio.debug            W  Accessing hidden method Lsun/misc/Unsafe;->getObject(Ljava/lang/Object;J)Ljava/lang/Object; (greylist, reflection, allowed)
2026-05-01 12:59:29.954  8560-8560  re.cartio.debu          com.minicore.cartio.debug            W  Accessing hidden method Lsun/misc/Unsafe;->putObject(Ljava/lang/Object;JLjava/lang/Object;)V (greylist, reflection, allowed)
2026-05-01 12:59:30.180  8560-8560  DynamiteModule          com.minicore.cartio.debug            I  Considering local module com.google.android.gms.ads.dynamite:0 and remote module com.google.android.gms.ads.dynamite:260480602
2026-05-01 12:59:30.181  8560-8560  DynamiteModule          com.minicore.cartio.debug            I  Selected remote version of com.google.android.gms.ads.dynamite, version >= 260480602
2026-05-01 12:59:30.181  8560-8560  DynamiteModule          com.minicore.cartio.debug            V  Dynamite loader version >= 2, using loadModule2NoCrashUtils
2026-05-01 12:59:30.469  8560-8560  re.cartio.debu          com.minicore.cartio.debug            I  Waiting for a blocking GC ClassLinker
2026-05-01 12:59:30.514  8560-8560  re.cartio.debu          com.minicore.cartio.debug            I  WaitForGcToComplete blocked ClassLinker on ClassLinker for 44.890ms
2026-05-01 12:59:30.541  8560-8560  re.cartio.debu          com.minicore.cartio.debug            W  Accessing hidden method Lsun/misc/Unsafe;->compareAndSwapInt(Ljava/lang/Object;JII)Z (greylist, linking, allowed)
2026-05-01 12:59:30.542  8560-8560  re.cartio.debu          com.minicore.cartio.debug            W  Accessing hidden method Lsun/misc/Unsafe;->compareAndSwapLong(Ljava/lang/Object;JJJ)Z (greylist, linking, allowed)
2026-05-01 12:59:30.542  8560-8560  re.cartio.debu          com.minicore.cartio.debug            W  Accessing hidden method Lsun/misc/Unsafe;->getIntVolatile(Ljava/lang/Object;J)I (greylist, linking, allowed)
2026-05-01 12:59:30.542  8560-8560  re.cartio.debu          com.minicore.cartio.debug            W  Accessing hidden method Lsun/misc/Unsafe;->getObjectVolatile(Ljava/lang/Object;J)Ljava/lang/Object; (greylist, linking, allowed)
2026-05-01 12:59:30.542  8560-8560  re.cartio.debu          com.minicore.cartio.debug            W  Accessing hidden method Lsun/misc/Unsafe;->putObjectVolatile(Ljava/lang/Object;JLjava/lang/Object;)V (greylist, linking, allowed)
2026-05-01 12:59:30.542  8560-8560  re.cartio.debu          com.minicore.cartio.debug            W  Accessing hidden field Lsun/misc/Unsafe;->theUnsafe:Lsun/misc/Unsafe; (greylist, reflection, allowed)
2026-05-01 12:59:30.597  8560-8560  re.cartio.debu          com.minicore.cartio.debug            W  Accessing hidden method Lsun/misc/Unsafe;->getUnsafe()Lsun/misc/Unsafe; (greylist,core-platform-api, linking, allowed)
2026-05-01 12:59:30.598  8560-8560  re.cartio.debu          com.minicore.cartio.debug            W  Accessing hidden method Lsun/misc/Unsafe;->putObject(Ljava/lang/Object;JLjava/lang/Object;)V (greylist, linking, allowed)
2026-05-01 12:59:30.607  8560-8602  NetworkSecurityConfig   com.minicore.cartio.debug            D  No Network Security Config specified, using platform default
2026-05-01 12:59:30.609  8560-8560  re.cartio.debu          com.minicore.cartio.debug            W  Accessing hidden method Lsun/misc/Unsafe;->compareAndSwapObject(Ljava/lang/Object;JLjava/lang/Object;Ljava/lang/Object;)Z (greylist, linking, allowed)
2026-05-01 12:59:30.610  8560-8560  re.cartio.debu          com.minicore.cartio.debug            W  Accessing hidden method Lsun/misc/Unsafe;->getObject(Ljava/lang/Object;J)Ljava/lang/Object; (greylist, linking, allowed)
2026-05-01 12:59:30.615  2014-3472  ConnectivityService     system_server                        D  requestNetwork for uid/pid:10155/8560 NetworkRequest [ TRACK_DEFAULT id=72, [ Capabilities: INTERNET&NOT_RESTRICTED&TRUSTED Uid: 10155] ]
2026-05-01 12:59:30.616  2014-2125  UntrustedW...orkFactory system_server                        D  got request NetworkRequest [ TRACK_DEFAULT id=72, [ Capabilities: INTERNET&NOT_RESTRICTED&TRUSTED Uid: 10155] ] with score 60 and serial -1
2026-05-01 12:59:30.616  2014-2125  WifiNetworkFactory      system_server                        D  got request NetworkRequest [ TRACK_DEFAULT id=72, [ Capabilities: INTERNET&NOT_RESTRICTED&TRUSTED Uid: 10155] ] with score 60 and serial -1
2026-05-01 12:59:30.617  2315-2315  PhoneSwitc...stListener com.android.phone                    D  got request NetworkRequest [ TRACK_DEFAULT id=72, [ Capabilities: INTERNET&NOT_RESTRICTED&TRUSTED Uid: 10155] ] with score 60 and serial -1
2026-05-01 12:59:30.653  8560-8560  re.cartio.debu          com.minicore.cartio.debug            W  Accessing hidden method Lsun/misc/Unsafe;->compareAndSwapObject(Ljava/lang/Object;JLjava/lang/Object;Ljava/lang/Object;)Z (greylist, linking, allowed)
2026-05-01 12:59:30.653  8560-8560  re.cartio.debu          com.minicore.cartio.debug            W  Accessing hidden method Lsun/misc/Unsafe;->getObject(Ljava/lang/Object;J)Ljava/lang/Object; (greylist, linking, allowed)
2026-05-01 12:59:30.717  8560-8560  DynamiteModule          com.minicore.cartio.debug            I  Considering local module com.google.android.gms.ads.dynamite:0 and remote module com.google.android.gms.ads.dynamite:260480602
2026-05-01 12:59:30.717  8560-8560  DynamiteModule          com.minicore.cartio.debug            I  Selected remote version of com.google.android.gms.ads.dynamite, version >= 260480602
2026-05-01 12:59:30.717  8560-8560  DynamiteModule          com.minicore.cartio.debug            V  Dynamite loader version >= 2, using loadModule2NoCrashUtils
2026-05-01 12:59:30.753  8560-8615  re.cartio.debu          com.minicore.cartio.debug            W  Accessing hidden method Lsun/misc/Unsafe;->compareAndSwapObject(Ljava/lang/Object;JLjava/lang/Object;Ljava/lang/Object;)Z (greylist, linking, allowed)
2026-05-01 12:59:30.757  1775-2600  SurfaceFlinger          surfaceflinger                       E  ro.sf.lcd_density must be defined as a build property
2026-05-01 12:59:30.758  1775-2600  SurfaceFlinger          surfaceflinger                       E  ro.sf.lcd_density must be defined as a build property
2026-05-01 12:59:30.758  8560-8615  re.cartio.debu          com.minicore.cartio.debug            W  Accessing hidden method Lsun/misc/Unsafe;->compareAndSwapObject(Ljava/lang/Object;JLjava/lang/Object;Ljava/lang/Object;)Z (greylist, linking, allowed)
2026-05-01 12:59:30.760  8560-8560  RenderThread            com.minicore.cartio.debug            W  type=1400 audit(0.0:33): avc: denied { write } for name="property_service" dev="tmpfs" ino=7444 scontext=u:r:untrusted_app:s0:c155,c256,c512,c768 tcontext=u:object_r:property_socket:s0 tclass=sock_file permissive=0
2026-05-01 12:59:30.766  8560-8627  libEGL                  com.minicore.cartio.debug            D  Emulator has host GPU support, qemu.gles is set to 1.
2026-05-01 12:59:30.767  8560-8627  libc                    com.minicore.cartio.debug            W  Unable to set property "qemu.gles" to "1": connection failed; errno=13 (Permission denied)
2026-05-01 12:59:30.767  8560-8628  re.cartio.debu          com.minicore.cartio.debug            W  Accessing hidden method Lsun/misc/Unsafe;->compareAndSwapObject(Ljava/lang/Object;JLjava/lang/Object;Ljava/lang/Object;)Z (greylist, linking, allowed)
2026-05-01 12:59:30.769  8560-8628  re.cartio.debu          com.minicore.cartio.debug            W  Accessing hidden method Lsun/misc/Unsafe;->compareAndSwapObject(Ljava/lang/Object;JLjava/lang/Object;Ljava/lang/Object;)Z (greylist, linking, allowed)
2026-05-01 12:59:30.782  2014-2040  memtrack                system_server                        E  Couldn't load memtrack module
2026-05-01 12:59:30.782  2014-2040  android.os.Debug        system_server                        W  failed to get memory consumption info: -1
2026-05-01 12:59:30.798  6040-6040  BoundBrokerSvc          com.google.android.gms               D  onRebind: Intent { act=com.google.android.gms.appset.service.START dat=chimera-action: cmp=com.google.android.gms/.chimera.GmsApiService }
2026-05-01 12:59:30.839  8560-8560  re.cartio.debu          com.minicore.cartio.debug            E  Invalid ID 0x00000000.
2026-05-01 12:59:30.871  8560-8627  libEGL                  com.minicore.cartio.debug            D  loaded /vendor/lib/egl/libEGL_emulation.so
2026-05-01 12:59:30.875  8560-8627  libEGL                  com.minicore.cartio.debug            D  loaded /vendor/lib/egl/libGLESv1_CM_emulation.so
2026-05-01 12:59:30.879  8560-8627  libEGL                  com.minicore.cartio.debug            D  loaded /vendor/lib/egl/libGLESv2_emulation.so
2026-05-01 12:59:30.920  8560-8632  re.cartio.debu          com.minicore.cartio.debug            W  Accessing hidden method Lsun/misc/Unsafe;->getInt(Ljava/lang/Object;J)I (greylist, linking, allowed)
2026-05-01 12:59:30.920  8560-8632  re.cartio.debu          com.minicore.cartio.debug            W  Accessing hidden method Lsun/misc/Unsafe;->getObject(Ljava/lang/Object;J)Ljava/lang/Object; (greylist, linking, allowed)
2026-05-01 12:59:30.920  8560-8632  re.cartio.debu          com.minicore.cartio.debug            W  Accessing hidden method Lsun/misc/Unsafe;->putObject(Ljava/lang/Object;JLjava/lang/Object;)V (greylist, linking, allowed)
2026-05-01 12:59:30.920  8560-8632  re.cartio.debu          com.minicore.cartio.debug            W  Accessing hidden method Lsun/misc/Unsafe;->putInt(Ljava/lang/Object;JI)V (greylist, linking, allowed)
2026-05-01 12:59:30.920  8560-8632  re.cartio.debu          com.minicore.cartio.debug            W  Accessing hidden method Lsun/misc/Unsafe;->getLong(Ljava/lang/Object;J)J (greylist,core-platform-api, linking, allowed)
2026-05-01 12:59:30.920  8560-8632  re.cartio.debu          com.minicore.cartio.debug            W  Accessing hidden method Lsun/misc/Unsafe;->putLong(Ljava/lang/Object;JJ)V (greylist, linking, allowed)
2026-05-01 12:59:30.925  8560-8560  Choreographer           com.minicore.cartio.debug            I  Skipped 72 frames!  The application may be doing too much work on its main thread.
2026-05-01 12:59:30.936  8560-8632  re.cartio.debu          com.minicore.cartio.debug            W  Accessing hidden method Lsun/misc/Unsafe;->getObject(Ljava/lang/Object;J)Ljava/lang/Object; (greylist, linking, allowed)
2026-05-01 12:59:30.937  8560-8632  re.cartio.debu          com.minicore.cartio.debug            W  Accessing hidden method Lsun/misc/Unsafe;->getInt(Ljava/lang/Object;J)I (greylist, linking, allowed)
2026-05-01 12:59:30.937  8560-8632  re.cartio.debu          com.minicore.cartio.debug            W  Accessing hidden method Lsun/misc/Unsafe;->getLong(Ljava/lang/Object;J)J (greylist,core-platform-api, linking, allowed)
2026-05-01 12:59:31.512  1749-1749  audio_hw_generic        android.hardware.audio@2.0-service   W  Not supplying enough data to HAL, expected position 1474443 , only wrote 1337203
2026-05-01 12:59:31.640  8560-8625  HostConnection          com.minicore.cartio.debug            D  HostConnection::get() New Host Connection established 0xdd8568c0, tid 8625
2026-05-01 12:59:31.696  8560-8625  HostConnection          com.minicore.cartio.debug            D  HostComposition ext ANDROID_EMU_CHECKSUM_HELPER_v1 ANDROID_EMU_native_sync_v2 ANDROID_EMU_native_sync_v3 ANDROID_EMU_native_sync_v4 ANDROID_EMU_dma_v1 ANDROID_EMU_direct_mem ANDROID_EMU_host_composition_v1 ANDROID_EMU_host_composition_v2 ANDROID_EMU_vulkan ANDROID_EMU_deferred_vulkan_commands ANDROID_EMU_vulkan_null_optional_strings ANDROID_EMU_vulkan_create_resources_with_requirements ANDROID_EMU_YUV_Cache ANDROID_EMU_vulkan_ignored_handles ANDROID_EMU_vulkan_free_memory_sync ANDROID_EMU_vulkan_shader_float16_int8 ANDROID_EMU_vulkan_async_queue_submit ANDROID_EMU_sync_buffer_data ANDROID_EMU_vulkan_async_qsri ANDROID_EMU_hwc_color_transform GL_OES_vertex_array_object GL_KHR_texture_compression_astc_ldr ANDROID_EMU_host_side_tracing ANDROID_EMU_gles_max_version_2 
2026-05-01 12:59:31.728  8560-8625  OpenGLRenderer          com.minicore.cartio.debug            W  Failed to choose config with EGL_SWAP_BEHAVIOR_PRESERVED, retrying without...
2026-05-01 12:59:31.741  8560-8625  EGL_emulation           com.minicore.cartio.debug            D  eglCreateContext: 0xdd81ade0: maj 2 min 0 rcv 2
2026-05-01 12:59:31.769  8560-8625  EGL_emulation           com.minicore.cartio.debug            D  eglMakeCurrent: 0xdd81ade0: ver 2 0 (tinfo 0xc058f070)
2026-05-01 12:59:31.779  1761-1848  gralloc_ranchu          and...raphics.allocator@2.0-service  D  gralloc_alloc: Creating ashmem region of size 9850880
2026-05-01 12:59:31.804  1648-1648  hwservicemanager        hwservicemanager                     I  getTransport: Cannot find entry android.hardware.graphics.mapper@3.0::IMapper/default in either framework or device manifest.
2026-05-01 12:59:31.804  8560-8625  Gralloc3                com.minicore.cartio.debug            W  mapper 3.x is not supported
2026-05-01 12:59:31.813  8560-8625  HostConnection          com.minicore.cartio.debug            D  createUnique: call
2026-05-01 12:59:31.814  8560-8625  HostConnection          com.minicore.cartio.debug            D  HostConnection::get() New Host Connection established 0xdd8569b0, tid 8625
2026-05-01 12:59:31.841  8560-8625  HostConnection          com.minicore.cartio.debug            D  HostComposition ext ANDROID_EMU_CHECKSUM_HELPER_v1 ANDROID_EMU_native_sync_v2 ANDROID_EMU_native_sync_v3 ANDROID_EMU_native_sync_v4 ANDROID_EMU_dma_v1 ANDROID_EMU_direct_mem ANDROID_EMU_host_composition_v1 ANDROID_EMU_host_composition_v2 ANDROID_EMU_vulkan ANDROID_EMU_deferred_vulkan_commands ANDROID_EMU_vulkan_null_optional_strings ANDROID_EMU_vulkan_create_resources_with_requirements ANDROID_EMU_YUV_Cache ANDROID_EMU_vulkan_ignored_handles ANDROID_EMU_vulkan_free_memory_sync ANDROID_EMU_vulkan_shader_float16_int8 ANDROID_EMU_vulkan_async_queue_submit ANDROID_EMU_sync_buffer_data ANDROID_EMU_vulkan_async_qsri ANDROID_EMU_hwc_color_transform GL_OES_vertex_array_object GL_KHR_texture_compression_astc_ldr ANDROID_EMU_host_side_tracing ANDROID_EMU_gles_max_version_2 
2026-05-01 12:59:31.841  8560-8625  eglCodecCommon          com.minicore.cartio.debug            D  allocate: Ask for block of size 0x1000
2026-05-01 12:59:31.841  8560-8625  eglCodecCommon          com.minicore.cartio.debug            D  allocate: ioctl allocate returned offset 0x3ffff8000 size 0x2000
2026-05-01 12:59:31.842  1761-1848  gralloc_ranchu          and...raphics.allocator@2.0-service  D  gralloc_alloc: Creating ashmem region of size 9850880
2026-05-01 12:59:31.863  8560-8625  EGL_emulation           com.minicore.cartio.debug            D  eglMakeCurrent: 0xdd81ade0: ver 2 0 (tinfo 0xc058f070)
2026-05-01 12:59:31.863  1761-1848  gralloc_ranchu          and...raphics.allocator@2.0-service  D  gralloc_alloc: Creating ashmem region of size 9850880
2026-05-01 12:59:31.908  8560-8625  OpenGLRenderer          com.minicore.cartio.debug            I  Davey! duration=2176ms; Flags=1, IntendedVsync=4046387469583, Vsync=4047587469535, OldestInputEvent=9223372036854775807, NewestInputEvent=0, HandleInputStart=4047590288500, AnimationStart=4047590328500, PerformTraversalsStart=4047590569700, DrawStart=4048507731300, SyncQueued=4048520384100, SyncStart=4048528412900, IssueDrawCommandsStart=4048528497600, SwapBuffers=4048566657800, FrameCompleted=4048572405600, DequeueBufferDuration=233000, QueueBufferDuration=707000, 
2026-05-01 12:59:31.919  2014-2040  ActivityTaskManager     system_server                        I  Displayed com.minicore.cartio.debug/com.minicore.cartio.MainActivity: +3s547ms
2026-05-01 12:59:31.945  8560-8560  WebViewFactory          com.minicore.cartio.debug            I  Loading com.google.android.webview version 74.0.3729.185 (code 373018518)
2026-05-01 12:59:31.950  8560-8560  re.cartio.debu          com.minicore.cartio.debug            I  The ClassLoaderContext is a special shared library.
2026-05-01 12:59:31.953  8560-8560  re.cartio.debu          com.minicore.cartio.debug            I  The ClassLoaderContext is a special shared library.
2026-05-01 12:59:32.093  2161-2490  EGL_emulation           com.android.systemui                 D  eglMakeCurrent: 0xf0a54dc0: ver 2 0 (tinfo 0xc54bd8a0)
2026-05-01 12:59:32.111  2161-2490  EGL_emulation           com.android.systemui                 D  eglMakeCurrent: 0xf0a54dc0: ver 2 0 (tinfo 0xc54bd8a0)
2026-05-01 12:59:32.118  8560-8560  cr_LibraryLoader        com.minicore.cartio.debug            I  Time to load native libraries: 13 ms (timestamps 8770-8783)
2026-05-01 12:59:32.124  2161-2490  EGL_emulation           com.android.systemui                 D  eglMakeCurrent: 0xf0a54dc0: ver 2 0 (tinfo 0xc54bd8a0)
2026-05-01 12:59:32.141  2161-2490  EGL_emulation           com.android.systemui                 D  eglMakeCurrent: 0xf0a54dc0: ver 2 0 (tinfo 0xc54bd8a0)
2026-05-01 12:59:32.152  8560-8560  re.cartio.debu          com.minicore.cartio.debug            E  Invalid ID 0x00000000.
2026-05-01 12:59:32.156  2161-2490  EGL_emulation           com.android.systemui                 D  eglMakeCurrent: 0xf0a54dc0: ver 2 0 (tinfo 0xc54bd8a0)
2026-05-01 12:59:32.159  1743-1743  Zygote                  pid-1743                             D  Forked child process 8637
2026-05-01 12:59:32.165  2014-2042  ActivityManager         system_server                        I  Start proc 8637:com.google.android.webview:webview_service/u0a125 for service {com.google.android.webview/org.chromium.android_webview.services.VariationsSeedServer}
2026-05-01 12:59:32.168  2161-2490  EGL_emulation           com.android.systemui                 D  eglMakeCurrent: 0xf0a54dc0: ver 2 0 (tinfo 0xc54bd8a0)
2026-05-01 12:59:32.169  8637-8637  webview_servic          com.google.android.webview           W  Unexpected CPU variant for X86 using defaults: x86
2026-05-01 12:59:32.171  8637-8637  webview_servic          com.google.android.webview           E  Not starting debugger since process cannot load the jdwp agent.
2026-05-01 12:59:32.174  2161-2490  EGL_emulation           com.android.systemui                 D  eglMakeCurrent: 0xf0a54dc0: ver 2 0 (tinfo 0xc54bd8a0)
2026-05-01 12:59:32.186  2161-2490  chatty                  com.android.systemui                 I  uid=10116(com.android.systemui) RenderThread identical 1 line
2026-05-01 12:59:32.198  2161-2490  EGL_emulation           com.android.systemui                 D  eglMakeCurrent: 0xf0a54dc0: ver 2 0 (tinfo 0xc54bd8a0)
2026-05-01 12:59:32.203  8637-8637  webview_servic          com.google.android.webview           I  The ClassLoaderContext is a special shared library.
2026-05-01 12:59:32.206  8637-8637  webview_servic          com.google.android.webview           I  The ClassLoaderContext is a special shared library.
2026-05-01 12:59:32.211  2161-2490  EGL_emulation           com.android.systemui                 D  eglMakeCurrent: 0xf0a54dc0: ver 2 0 (tinfo 0xc54bd8a0)
2026-05-01 12:59:32.211  8560-8560  chromium                com.minicore.cartio.debug            I  [INFO:library_loader_hooks.cc(50)] Chromium logging enabled: level = 0, default verbosity = 0
2026-05-01 12:59:32.212  8560-8560  cr_LibraryLoader        com.minicore.cartio.debug            I  Expected native library version number "74.0.3729.185", actual native library version number "74.0.3729.185"
2026-05-01 12:59:32.218  8637-8637  LoadedApk               com.google.android.webview           I  No resource references to update in package com.google.android.webview
2026-05-01 12:59:32.218  8637-8637  LoadedApk               com.google.android.webview           I  No resource references to update in package com.google.android.trichromelibrary
2026-05-01 12:59:32.221  2161-2490  EGL_emulation           com.android.systemui                 D  eglMakeCurrent: 0xf0a54dc0: ver 2 0 (tinfo 0xc54bd8a0)
2026-05-01 12:59:32.239  2161-2490  EGL_emulation           com.android.systemui                 D  eglMakeCurrent: 0xf0a54dc0: ver 2 0 (tinfo 0xc54bd8a0)
2026-05-01 12:59:32.245  8560-8659  cr_ChildProcLH          com.minicore.cartio.debug            W  Create a new ChildConnectionAllocator with package name = com.google.android.webview, sandboxed = true
2026-05-01 12:59:32.249  8560-8659  re.cartio.debu          com.minicore.cartio.debug            W  Accessing hidden method Landroid/content/Context;->bindServiceAsUser(Landroid/content/Intent;Landroid/content/ServiceConnection;ILandroid/os/Handler;Landroid/os/UserHandle;)Z (greylist, reflection, allowed)
2026-05-01 12:59:32.252  2161-2490  EGL_emulation           com.android.systemui                 D  eglMakeCurrent: 0xf0a54dc0: ver 2 0 (tinfo 0xc54bd8a0)
2026-05-01 12:59:32.253  8560-8560  cr_BrowserStartup       com.minicore.cartio.debug            I  Initializing chromium process, singleProcess=false
2026-05-01 12:59:32.255  2161-2490  EGL_emulation           com.android.systemui                 D  eglMakeCurrent: 0xf0a54dc0: ver 2 0 (tinfo 0xc54bd8a0)
2026-05-01 12:59:32.273  2289-2289  Zygote                  webview_zygote                       D  Forked child process 8662
2026-05-01 12:59:32.279  2014-2042  ActivityManager         system_server                        I  Start proc 8662:com.google.android.webview:sandboxed_process0:org.chromium.content.app.SandboxedProcessService0/u0i1 for  {com.minicore.cartio.debug/org.chromium.content.app.SandboxedProcessService0}
2026-05-01 12:59:32.285  8662-8662  ProcessService          com.google.android.webview           W  Unexpected CPU variant for X86 using defaults: x86
2026-05-01 12:59:32.298  8662-8662  ProcessService          com.google.android.webview           E  Not starting debugger since process cannot load the jdwp agent.
2026-05-01 12:59:32.342  8662-8662  LoadedApk               com.google.android.webview           I  No resource references to update in package com.google.android.webview
2026-05-01 12:59:32.342  8662-8662  LoadedApk               com.google.android.webview           I  No resource references to update in package com.google.android.trichromelibrary
2026-05-01 12:59:32.345  8662-8662  cr_ChildProcessService  com.google.android.webview           I  Creating new ChildProcessService pid=8662
2026-05-01 12:59:32.717  2014-2678  ConnectivityService     system_server                        D  requestNetwork for uid/pid:10155/8560 NetworkRequest [ TRACK_DEFAULT id=73, [ Capabilities: INTERNET&NOT_RESTRICTED&TRUSTED Uid: 10155] ]
2026-05-01 12:59:32.717  2014-2125  UntrustedW...orkFactory system_server                        D  got request NetworkRequest [ TRACK_DEFAULT id=73, [ Capabilities: INTERNET&NOT_RESTRICTED&TRUSTED Uid: 10155] ] with score 60 and serial -1
2026-05-01 12:59:32.717  2014-2125  WifiNetworkFactory      system_server                        D  got request NetworkRequest [ TRACK_DEFAULT id=73, [ Capabilities: INTERNET&NOT_RESTRICTED&TRUSTED Uid: 10155] ] with score 60 and serial -1
2026-05-01 12:59:32.718  2315-2315  PhoneSwitc...stListener com.android.phone                    D  got request NetworkRequest [ TRACK_DEFAULT id=73, [ Capabilities: INTERNET&NOT_RESTRICTED&TRUSTED Uid: 10155] ] with score 60 and serial -1
2026-05-01 12:59:32.746  8560-8560  re.cartio.debu          com.minicore.cartio.debug            W  Accessing hidden method Landroid/view/textclassifier/logging/SmartSelectionEventTracker;-><init>(Landroid/content/Context;I)V (greylist, reflection, allowed)
2026-05-01 12:59:32.746  8560-8560  re.cartio.debu          com.minicore.cartio.debug            W  Accessing hidden method Landroid/view/textclassifier/logging/SmartSelectionEventTracker;->logEvent(Landroid/view/textclassifier/logging/SmartSelectionEventTracker$SelectionEvent;)V (greylist, reflection, allowed)
2026-05-01 12:59:32.747  8560-8560  re.cartio.debu          com.minicore.cartio.debug            W  Accessing hidden method Landroid/view/textclassifier/logging/SmartSelectionEventTracker$SelectionEvent;->selectionStarted(I)Landroid/view/textclassifier/logging/SmartSelectionEventTracker$SelectionEvent; (greylist, reflection, allowed)
2026-05-01 12:59:32.747  8560-8560  re.cartio.debu          com.minicore.cartio.debug            W  Accessing hidden method Landroid/view/textclassifier/logging/SmartSelectionEventTracker$SelectionEvent;->selectionModified(II)Landroid/view/textclassifier/logging/SmartSelectionEventTracker$SelectionEvent; (greylist, reflection, allowed)
2026-05-01 12:59:32.747  8560-8560  re.cartio.debu          com.minicore.cartio.debug            W  Accessing hidden method Landroid/view/textclassifier/logging/SmartSelectionEventTracker$SelectionEvent;->selectionModified(IILandroid/view/textclassifier/TextClassification;)Landroid/view/textclassifier/logging/SmartSelectionEventTracker$SelectionEvent; (greylist, reflection, allowed)
2026-05-01 12:59:32.747  8560-8560  re.cartio.debu          com.minicore.cartio.debug            W  Accessing hidden method Landroid/view/textclassifier/logging/SmartSelectionEventTracker$SelectionEvent;->selectionModified(IILandroid/view/textclassifier/TextSelection;)Landroid/view/textclassifier/logging/SmartSelectionEventTracker$SelectionEvent; (greylist, reflection, allowed)
2026-05-01 12:59:32.747  8560-8560  re.cartio.debu          com.minicore.cartio.debug            W  Accessing hidden method Landroid/view/textclassifier/logging/SmartSelectionEventTracker$SelectionEvent;->selectionAction(III)Landroid/view/textclassifier/logging/SmartSelectionEventTracker$SelectionEvent; (greylist, reflection, allowed)
2026-05-01 12:59:32.747  8560-8560  re.cartio.debu          com.minicore.cartio.debug            W  Accessing hidden method Landroid/view/textclassifier/logging/SmartSelectionEventTracker$SelectionEvent;->selectionAction(IIILandroid/view/textclassifier/TextClassification;)Landroid/view/textclassifier/logging/SmartSelectionEventTracker$SelectionEvent; (greylist, reflection, allowed)
2026-05-01 12:59:32.800  2014-2678  ConnectivityService     system_server                        D  requestNetwork for uid/pid:10155/8560 NetworkRequest [ TRACK_DEFAULT id=75, [ Capabilities: INTERNET&NOT_RESTRICTED&TRUSTED Uid: 10155] ]
2026-05-01 12:59:32.800  2014-2125  UntrustedW...orkFactory system_server                        D  got request NetworkRequest [ TRACK_DEFAULT id=75, [ Capabilities: INTERNET&NOT_RESTRICTED&TRUSTED Uid: 10155] ] with score 60 and serial -1
2026-05-01 12:59:32.800  2014-2125  WifiNetworkFactory      system_server                        D  got request NetworkRequest [ TRACK_DEFAULT id=75, [ Capabilities: INTERNET&NOT_RESTRICTED&TRUSTED Uid: 10155] ] with score 60 and serial -1
2026-05-01 12:59:32.801  2315-2315  PhoneSwitc...stListener com.android.phone                    D  got request NetworkRequest [ TRACK_DEFAULT id=75, [ Capabilities: INTERNET&NOT_RESTRICTED&TRUSTED Uid: 10155] ] with score 60 and serial -1
2026-05-01 12:59:32.846  2963-3245  Finsky                  com.android.vending                  I  [155] com.minicore.cartio.debug: Account from first account - [puvCHZDh8X1rHs_Ndo1HDEpZy9Skf9ZuINkVW4A4r2g]
2026-05-01 12:59:32.849  2963-3245  Finsky                  com.android.vending                  I  [155] Billing preferred account via installer for com.minicore.cartio.debug: [puvCHZDh8X1rHs_Ndo1HDEpZy9Skf9ZuINkVW4A4r2g]
2026-05-01 12:59:32.860  2963-3242  Finsky                  com.android.vending                  I  [153] com.minicore.cartio.debug: Account from first account - [puvCHZDh8X1rHs_Ndo1HDEpZy9Skf9ZuINkVW4A4r2g]
2026-05-01 12:59:32.860  2963-3242  Finsky                  com.android.vending                  I  [153] Billing preferred account via installer for com.minicore.cartio.debug: [puvCHZDh8X1rHs_Ndo1HDEpZy9Skf9ZuINkVW4A4r2g]
2026-05-01 12:59:32.862  8560-8693  re.cartio.debu          com.minicore.cartio.debug            W  Accessing hidden method Lsun/misc/Unsafe;->putObject(Ljava/lang/Object;JLjava/lang/Object;)V (greylist, linking, allowed)
2026-05-01 12:59:32.866  2963-7011  Finsky                  com.android.vending                  I  [320] User is not an active Play Pass subscriber
2026-05-01 12:59:32.872  8560-8619  CartioApp               com.minicore.cartio.debug            E  Startup initialization failed
                                                                                                    java.lang.IllegalStateException: #008 Must be called on the main UI thread.
                                                                                                    	at com.google.android.gms.common.internal.Preconditions.checkMainThread(com.google.android.gms:play-services-basement@@18.3.0:3)
                                                                                                    	at com.google.android.gms.ads.interstitial.InterstitialAd.load(com.google.android.gms:play-services-ads-api@@24.4.0:5)
                                                                                                    	at com.minicore.cartio.features.monetization.data.AdMobDataSource.preload(AdMobDataSource.kt:22)
                                                                                                    	at com.minicore.cartio.features.monetization.data.AdsRepositoryImpl.preload(AdsRepositoryImpl.kt:16)
                                                                                                    	at com.minicore.cartio.features.monetization.AppStartupInitializer.initialize(AppStartupInitializer.kt:15)
                                                                                                    	at com.minicore.cartio.features.monetization.AppStartupInitializer$initialize$1.invokeSuspend(Unknown Source:15)
                                                                                                    	at kotlin.coroutines.jvm.internal.BaseContinuationImpl.resumeWith(ContinuationImpl.kt:34)
                                                                                                    	at kotlinx.coroutines.DispatchedTask.run(DispatchedTask.kt:100)
                                                                                                    	at kotlinx.coroutines.scheduling.CoroutineScheduler.runSafely(CoroutineScheduler.kt:586)
                                                                                                    	at kotlinx.coroutines.scheduling.CoroutineScheduler$Worker.executeTask(CoroutineScheduler.kt:829)
                                                                                                    	at kotlinx.coroutines.scheduling.CoroutineScheduler$Worker.runWorker(CoroutineScheduler.kt:717)
                                                                                                    	at kotlinx.coroutines.scheduling.CoroutineScheduler$Worker.run(CoroutineScheduler.kt:704)
2026-05-01 12:59:32.890  8560-8560  Choreographer           com.minicore.cartio.debug            I  Skipped 113 frames!  The application may be doing too much work on its main thread.
2026-05-01 12:59:32.925  2572-3393  FontLog                 com.google.android.gms.persistent    I  (REDACTED) Received query %s, URI %s
2026-05-01 12:59:32.925  2572-3393  FontLog                 com.google.android.gms.persistent    I  (REDACTED) Query [%s] resolved to %s
2026-05-01 12:59:32.927  2572-3393  FontLog                 com.google.android.gms.persistent    I  (REDACTED) Fetch %s end status %s
2026-05-01 12:59:32.931  2572-3393  FontLog                 com.google.android.gms.persistent    I  (REDACTED) Pulling font file for id = %d, cache size = %d
2026-05-01 12:59:32.936  2572-3393  FontLog                 com.google.android.gms.persistent    I  (REDACTED) Pulling font file for id = %d, cache size = %d
2026-05-01 12:59:32.946  8560-8686  cr_media                com.minicore.cartio.debug            W  Requires BLUETOOTH permission
2026-05-01 12:59:32.987  8560-8703  HostConnection          com.minicore.cartio.debug            D  HostConnection::get() New Host Connection established 0xc3934380, tid 8703
2026-05-01 12:59:32.987  8560-8703  HostConnection          com.minicore.cartio.debug            D  HostComposition ext ANDROID_EMU_CHECKSUM_HELPER_v1 ANDROID_EMU_native_sync_v2 ANDROID_EMU_native_sync_v3 ANDROID_EMU_native_sync_v4 ANDROID_EMU_dma_v1 ANDROID_EMU_direct_mem ANDROID_EMU_host_composition_v1 ANDROID_EMU_host_composition_v2 ANDROID_EMU_vulkan ANDROID_EMU_deferred_vulkan_commands ANDROID_EMU_vulkan_null_optional_strings ANDROID_EMU_vulkan_create_resources_with_requirements ANDROID_EMU_YUV_Cache ANDROID_EMU_vulkan_ignored_handles ANDROID_EMU_vulkan_free_memory_sync ANDROID_EMU_vulkan_shader_float16_int8 ANDROID_EMU_vulkan_async_queue_submit ANDROID_EMU_sync_buffer_data ANDROID_EMU_vulkan_async_qsri ANDROID_EMU_hwc_color_transform GL_OES_vertex_array_object GL_KHR_texture_compression_astc_ldr ANDROID_EMU_host_side_tracing ANDROID_EMU_gles_max_version_2 
2026-05-01 12:59:32.987  8560-8703  chromium                com.minicore.cartio.debug            E  [ERROR:gl_surface_egl.cc(342)] eglChooseConfig failed with error EGL_SUCCESS
2026-05-01 12:59:33.014  3131-3131  bqwu                    com....android.googlequicksearchbox  I  onStop
2026-05-01 12:59:33.023  8560-8703  EGL_emulation           com.minicore.cartio.debug            D  eglCreateContext: 0xe5809fc0: maj 2 min 0 rcv 2
2026-05-01 12:59:33.029  8560-8703  EGL_emulation           com.minicore.cartio.debug            D  eglMakeCurrent: 0xe5809fc0: ver 2 0 (tinfo 0xc3940e70)
2026-05-01 12:59:33.032  8662-8681  cr_LibraryLoader        com.google.android.webview           I  Time to load native libraries: 1 ms (timestamps 9696-9697)
2026-05-01 12:59:33.037  8662-8681  chromium                com.google.android.webview           I  [INFO:library_loader_hooks.cc(50)] Chromium logging enabled: level = 0, default verbosity = 0
2026-05-01 12:59:33.037  8662-8681  cr_LibraryLoader        com.google.android.webview           I  Expected native library version number "74.0.3729.185", actual native library version number "74.0.3729.185"
2026-05-01 12:59:33.082  2572-6223  PhBaseOp                com.google.android.gms.persistent    W  Phenotype API error. Event: # hboc@eec1fb5c, EventCode: COMMIT_CONFIG [CONTEXT service_id=51 ]
                                                                                                    dxqe: 29547: Stale snapshot for com.google.android.gms.security.safebrowsing#com.google.android.gms(new configuration available)
                                                                                                    	at dxsc.d(:com.google.android.gms@261533016@26.15.33 (100700-900762463):389)
                                                                                                    	at dxsc.b(:com.google.android.gms@261533016@26.15.33 (100700-900762463):44)
                                                                                                    	at dxsb.i(:com.google.android.gms@261533016@26.15.33 (100700-900762463):3)
                                                                                                    	at dxrx.h(:com.google.android.gms@261533016@26.15.33 (100700-900762463):32)
                                                                                                    	at dxrx.f(:com.google.android.gms@261533016@26.15.33 (100700-900762463):14)
                                                                                                    	at ctec.fG(:com.google.android.gms@261533016@26.15.33 (100700-900762463):1)
                                                                                                    	at cten.run(:com.google.android.gms@261533016@26.15.33 (100700-900762463):115)
                                                                                                    	at ftre.run(:com.google.android.gms@261533016@26.15.33 (100700-900762463):23)
                                                                                                    	at bhks.c(:com.google.android.gms@261533016@26.15.33 (100700-900762463):50)
                                                                                                    	at bhks.run(:com.google.android.gms@261533016@26.15.33 (100700-900762463):66)
                                                                                                    	at java.util.concurrent.ThreadPoolExecutor.runWorker(ThreadPoolExecutor.java:1167)
                                                                                                    	at java.util.concurrent.ThreadPoolExecutor$Worker.run(ThreadPoolExecutor.java:641)
                                                                                                    	at bhqk.run(:com.google.android.gms@261533016@26.15.33 (100700-900762463):8)
                                                                                                    	at java.lang.Thread.run(Thread.java:919)
2026-05-01 12:59:33.084  2572-6223  AsyncOperation          com.google.android.gms.persistent    W  operation=CommitToConfigurationOperationCall, opStatusCode=29547 [CONTEXT service_id=51 ]
                                                                                                    OperationException[Status{statusCode=Stale snapshot for com.google.android.gms.security.safebrowsing#com.google.android.gms(new configuration available), resolution=null}]
                                                                                                    	at dxrx.h(:com.google.android.gms@261533016@26.15.33 (100700-900762463):62)
                                                                                                    	at dxrx.f(:com.google.android.gms@261533016@26.15.33 (100700-900762463):14)
                                                                                                    	at ctec.fG(:com.google.android.gms@261533016@26.15.33 (100700-900762463):1)
                                                                                                    	at cten.run(:com.google.android.gms@261533016@26.15.33 (100700-900762463):115)
                                                                                                    	at ftre.run(:com.google.android.gms@261533016@26.15.33 (100700-900762463):23)
                                                                                                    	at bhks.c(:com.google.android.gms@261533016@26.15.33 (100700-900762463):50)
                                                                                                    	at bhks.run(:com.google.android.gms@261533016@26.15.33 (100700-900762463):66)
                                                                                                    	at java.util.concurrent.ThreadPoolExecutor.runWorker(ThreadPoolExecutor.java:1167)
                                                                                                    	at java.util.concurrent.ThreadPoolExecutor$Worker.run(ThreadPoolExecutor.java:641)
                                                                                                    	at bhqk.run(:com.google.android.gms@261533016@26.15.33 (100700-900762463):8)
                                                                                                    	at java.lang.Thread.run(Thread.java:919)
2026-05-01 12:59:33.118  2572-6223  PhBaseOp                com.google.android.gms.persistent    W  Phenotype API error. Event: # hboc@f4138cc1, EventCode: COMMIT_CONFIG [CONTEXT service_id=51 ]
                                                                                                    dxqe: 29547: Stale snapshot for com.google.android.gms.security(new configuration available)
                                                                                                    	at dxsc.d(:com.google.android.gms@261533016@26.15.33 (100700-900762463):389)
                                                                                                    	at dxsc.b(:com.google.android.gms@261533016@26.15.33 (100700-900762463):44)
                                                                                                    	at dxsb.i(:com.google.android.gms@261533016@26.15.33 (100700-900762463):3)
                                                                                                    	at dxrx.h(:com.google.android.gms@261533016@26.15.33 (100700-900762463):32)
                                                                                                    	at dxrx.f(:com.google.android.gms@261533016@26.15.33 (100700-900762463):14)
                                                                                                    	at ctec.fG(:com.google.android.gms@261533016@26.15.33 (100700-900762463):1)
                                                                                                    	at cten.run(:com.google.android.gms@261533016@26.15.33 (100700-900762463):115)
                                                                                                    	at ftre.run(:com.google.android.gms@261533016@26.15.33 (100700-900762463):23)
                                                                                                    	at bhks.c(:com.google.android.gms@261533016@26.15.33 (100700-900762463):50)
                                                                                                    	at bhks.run(:com.google.android.gms@261533016@26.15.33 (100700-900762463):66)
                                                                                                    	at java.util.concurrent.ThreadPoolExecutor.runWorker(ThreadPoolExecutor.java:1167)
                                                                                                    	at java.util.concurrent.ThreadPoolExecutor$Worker.run(ThreadPoolExecutor.java:641)
                                                                                                    	at bhqk.run(:com.google.android.gms@261533016@26.15.33 (100700-900762463):8)
                                                                                                    	at java.lang.Thread.run(Thread.java:919)
2026-05-01 12:59:33.124  2572-6223  AsyncOperation          com.google.android.gms.persistent    W  operation=CommitToConfigurationOperationCall, opStatusCode=29547 [CONTEXT service_id=51 ]
                                                                                                    OperationException[Status{statusCode=Stale snapshot for com.google.android.gms.security(new configuration available), resolution=null}]
                                                                                                    	at dxrx.h(:com.google.android.gms@261533016@26.15.33 (100700-900762463):62)
                                                                                                    	at dxrx.f(:com.google.android.gms@261533016@26.15.33 (100700-900762463):14)
                                                                                                    	at ctec.fG(:com.google.android.gms@261533016@26.15.33 (100700-900762463):1)
                                                                                                    	at cten.run(:com.google.android.gms@261533016@26.15.33 (100700-900762463):115)
                                                                                                    	at ftre.run(:com.google.android.gms@261533016@26.15.33 (100700-900762463):23)
                                                                                                    	at bhks.c(:com.google.android.gms@261533016@26.15.33 (100700-900762463):50)
                                                                                                    	at bhks.run(:com.google.android.gms@261533016@26.15.33 (100700-900762463):66)
                                                                                                    	at java.util.concurrent.ThreadPoolExecutor.runWorker(ThreadPoolExecutor.java:1167)
                                                                                                    	at java.util.concurrent.ThreadPoolExecutor$Worker.run(ThreadPoolExecutor.java:641)
                                                                                                    	at bhqk.run(:com.google.android.gms@261533016@26.15.33 (100700-900762463):8)
                                                                                                    	at java.lang.Thread.run(Thread.java:919)
2026-05-01 12:59:33.127  8560-8703  chromium                com.minicore.cartio.debug            E  [ERROR:gl_surface_egl.cc(342)] eglChooseConfig failed with error EGL_SUCCESS
2026-05-01 12:59:33.177  8560-8703  VideoCapabilities       com.minicore.cartio.debug            I  Unsupported profile 4 for video/mp4v-es
2026-05-01 12:59:33.179  8560-8703  cr_MediaCodecUtil       com.minicore.cartio.debug            W  HW encoder for video/avc is not available on this device.
2026-05-01 12:59:33.651  8560-8703  EGL_emulation           com.minicore.cartio.debug            D  eglCreateContext: 0xe58aade0: maj 2 min 0 rcv 2
2026-05-01 12:59:33.653  8560-8703  EGL_emulation           com.minicore.cartio.debug            D  eglMakeCurrent: 0xe58aade0: ver 2 0 (tinfo 0xc3940e70)
2026-05-01 12:59:33.744  8560-8560  re.cartio.debu          com.minicore.cartio.debug            W  Accessing hidden method Landroid/view/View;->getViewRootImpl()Landroid/view/ViewRootImpl; (greylist, reflection, allowed)
2026-05-01 12:59:33.744  8560-8560  re.cartio.debu          com.minicore.cartio.debug            W  Accessing hidden field Landroid/view/View$AttachInfo;->mVisibleInsets:Landroid/graphics/Rect; (greylist, reflection, allowed)
2026-05-01 12:59:33.745  8560-8560  re.cartio.debu          com.minicore.cartio.debug            W  Accessing hidden field Landroid/view/ViewRootImpl;->mAttachInfo:Landroid/view/View$AttachInfo; (greylist, reflection, allowed)
2026-05-01 12:59:34.153  2014-2678  ActivityManager         system_server                        I  Killing 3820:com.google.android.gms.unstable/u0a112 (adj 995): empty for 2199s
2026-05-01 12:59:34.227  8560-8560  Choreographer           com.minicore.cartio.debug            I  Skipped 33 frames!  The application may be doing too much work on its main thread.
2026-05-01 12:59:34.234  8560-8625  OpenGLRenderer          com.minicore.cartio.debug            I  Davey! duration=728ms; Flags=0, IntendedVsync=4050170606443, Vsync=4050170606443, OldestInputEvent=9223372036854775807, NewestInputEvent=0, HandleInputStart=4050171495100, AnimationStart=4050171518900, PerformTraversalsStart=4050419051600, DrawStart=4050838644000, SyncQueued=4050872342100, SyncStart=4050872988900, IssueDrawCommandsStart=4050873077100, SwapBuffers=4050892458600, FrameCompleted=4050899331400, DequeueBufferDuration=3172000, QueueBufferDuration=3353000, 
2026-05-01 12:59:34.296  2014-3208  ConnectivityService     system_server                        D  ConnectivityService NetworkRequestInfo binderDied(NetworkRequest [ LISTEN id=27, [ Capabilities: INTERNET&NOT_RESTRICTED&TRUSTED Uid: 10112] ], android.os.BinderProxy@475550b)
2026-05-01 12:59:34.296  2014-2030  ConnectivityService     system_server                        D  ConnectivityService NetworkRequestInfo binderDied(NetworkRequest [ TRACK_DEFAULT id=26, [ Capabilities: INTERNET&NOT_RESTRICTED&TRUSTED Uid: 10112] ], android.os.BinderProxy@2c64cda)
2026-05-01 12:59:34.296  2014-2128  ConnectivityService     system_server                        D  releasing NetworkRequest [ TRACK_DEFAULT id=26, [ Capabilities: INTERNET&NOT_RESTRICTED&TRUSTED Uid: 10112] ] (release request)
2026-05-01 12:59:34.299  1743-1743  Zygote                  pid-1743                             I  Process 3820 exited due to signal 9 (Killed)
2026-05-01 12:59:34.335  2014-2043  libprocessgroup         system_server                        I  Successfully killed process cgroup uid 10112 pid 3820 in 181ms
